Archive member included because of file (symbol)

.\liblcd.a(lcd.o)             main.o (Lcd_Clr_Screen)
C:\CodeSourcery\Sourcery G++ Lite/arm-none-eabi/lib/thumb2\libc.a(lib_a-atoi.o)
                              uart.o (atoi)
C:\CodeSourcery\Sourcery G++ Lite/arm-none-eabi/lib/thumb2\libc.a(lib_a-ctype_.o)
                              uart.o (__ctype_ptr__)
C:\CodeSourcery\Sourcery G++ Lite/arm-none-eabi/lib/thumb2\libc.a(lib_a-strlen.o)
                              uart.o (strlen)
C:\CodeSourcery\Sourcery G++ Lite/arm-none-eabi/lib/thumb2\libc.a(lib_a-strtol.o)
                              C:\CodeSourcery\Sourcery G++ Lite/arm-none-eabi/lib/thumb2\libc.a(lib_a-atoi.o) (_strtol_r)
C:\CodeSourcery\Sourcery G++ Lite/arm-none-eabi/lib/thumb2\libc.a(lib_a-vsprintf.o)
                              Graphics.o (vsprintf)
C:\CodeSourcery\Sourcery G++ Lite/arm-none-eabi/lib/thumb2\libc.a(lib_a-impure.o)
                              C:\CodeSourcery\Sourcery G++ Lite/arm-none-eabi/lib/thumb2\libc.a(lib_a-strtol.o) (_impure_ptr)
C:\CodeSourcery\Sourcery G++ Lite/arm-none-eabi/lib/thumb2\libc.a(lib_a-svfprintf.o)
                              C:\CodeSourcery\Sourcery G++ Lite/arm-none-eabi/lib/thumb2\libc.a(lib_a-vsprintf.o) (_svfprintf_r)
C:\CodeSourcery\Sourcery G++ Lite/arm-none-eabi/lib/thumb2\libc.a(lib_a-dtoa.o)
                              C:\CodeSourcery\Sourcery G++ Lite/arm-none-eabi/lib/thumb2\libc.a(lib_a-svfprintf.o) (_dtoa_r)
C:\CodeSourcery\Sourcery G++ Lite/arm-none-eabi/lib/thumb2\libc.a(lib_a-locale.o)
                              C:\CodeSourcery\Sourcery G++ Lite/arm-none-eabi/lib/thumb2\libc.a(lib_a-svfprintf.o) (_localeconv_r)
C:\CodeSourcery\Sourcery G++ Lite/arm-none-eabi/lib/thumb2\libc.a(lib_a-malloc.o)
                              C:\CodeSourcery\Sourcery G++ Lite/arm-none-eabi/lib/thumb2\libc.a(lib_a-dtoa.o) (malloc)
C:\CodeSourcery\Sourcery G++ Lite/arm-none-eabi/lib/thumb2\libc.a(lib_a-mallocr.o)
                              C:\CodeSourcery\Sourcery G++ Lite/arm-none-eabi/lib/thumb2\libc.a(lib_a-svfprintf.o) (_malloc_r)
C:\CodeSourcery\Sourcery G++ Lite/arm-none-eabi/lib/thumb2\libc.a(lib_a-memchr-stub.o)
                              C:\CodeSourcery\Sourcery G++ Lite/arm-none-eabi/lib/thumb2\libc.a(lib_a-svfprintf.o) (memchr)
C:\CodeSourcery\Sourcery G++ Lite/arm-none-eabi/lib/thumb2\libc.a(lib_a-memcpy-stub.o)
                              C:\CodeSourcery\Sourcery G++ Lite/arm-none-eabi/lib/thumb2\libc.a(lib_a-dtoa.o) (memcpy)
C:\CodeSourcery\Sourcery G++ Lite/arm-none-eabi/lib/thumb2\libc.a(lib_a-mlock.o)
                              C:\CodeSourcery\Sourcery G++ Lite/arm-none-eabi/lib/thumb2\libc.a(lib_a-mallocr.o) (__malloc_lock)
C:\CodeSourcery\Sourcery G++ Lite/arm-none-eabi/lib/thumb2\libc.a(lib_a-mprec.o)
                              C:\CodeSourcery\Sourcery G++ Lite/arm-none-eabi/lib/thumb2\libc.a(lib_a-dtoa.o) (_Balloc)
C:\CodeSourcery\Sourcery G++ Lite/arm-none-eabi/lib/thumb2\libc.a(lib_a-s_fpclassify.o)
                              C:\CodeSourcery\Sourcery G++ Lite/arm-none-eabi/lib/thumb2\libc.a(lib_a-svfprintf.o) (__fpclassifyd)
C:\CodeSourcery\Sourcery G++ Lite/arm-none-eabi/lib/thumb2\libc.a(lib_a-sbrkr.o)
                              C:\CodeSourcery\Sourcery G++ Lite/arm-none-eabi/lib/thumb2\libc.a(lib_a-mallocr.o) (_sbrk_r)
C:\CodeSourcery\Sourcery G++ Lite/arm-none-eabi/lib/thumb2\libc.a(lib_a-strcmp.o)
                              C:\CodeSourcery\Sourcery G++ Lite/arm-none-eabi/lib/thumb2\libc.a(lib_a-locale.o) (strcmp)
C:\CodeSourcery\Sourcery G++ Lite/arm-none-eabi/lib/thumb2\libc.a(lib_a-svfiprintf.o)
                              C:\CodeSourcery\Sourcery G++ Lite/arm-none-eabi/lib/thumb2\libc.a(lib_a-svfprintf.o) (__ssprint_r)
C:\CodeSourcery\Sourcery G++ Lite/arm-none-eabi/lib/thumb2\libc.a(lib_a-callocr.o)
                              C:\CodeSourcery\Sourcery G++ Lite/arm-none-eabi/lib/thumb2\libc.a(lib_a-mprec.o) (_calloc_r)
C:\CodeSourcery\Sourcery G++ Lite/arm-none-eabi/lib/thumb2\libc.a(lib_a-freer.o)
                              C:\CodeSourcery\Sourcery G++ Lite/arm-none-eabi/lib/thumb2\libc.a(lib_a-malloc.o) (_free_r)
C:\CodeSourcery\Sourcery G++ Lite/arm-none-eabi/lib/thumb2\libc.a(lib_a-memmove.o)
                              C:\CodeSourcery\Sourcery G++ Lite/arm-none-eabi/lib/thumb2\libc.a(lib_a-svfiprintf.o) (memmove)
C:\CodeSourcery\Sourcery G++ Lite/arm-none-eabi/lib/thumb2\libc.a(lib_a-memset.o)
                              C:\CodeSourcery\Sourcery G++ Lite/arm-none-eabi/lib/thumb2\libc.a(lib_a-callocr.o) (memset)
C:\CodeSourcery\Sourcery G++ Lite/arm-none-eabi/lib/thumb2\libc.a(lib_a-reallocr.o)
                              C:\CodeSourcery\Sourcery G++ Lite/arm-none-eabi/lib/thumb2\libc.a(lib_a-svfiprintf.o) (_realloc_r)
C:\CodeSourcery\Sourcery G++ Lite/arm-none-eabi/lib/thumb2\libc.a(lib_a-reent.o)
[...]
Memory Configuration

Name             Origin             Length             Attributes
ROM              0x08003000         0x0001d000         xr
RAM              0x20000000         0x00005000         xrw
*default*        0x00000000         0xffffffff

Linker script and memory map

LOAD Graphics.o
LOAD clock.o
LOAD core_cm3.o
LOAD exception.o
LOAD jog_key.o
LOAD led.o
LOAD runtime.o
LOAD systick.o
LOAD timer.o
LOAD uart.o
LOAD asm_fuction.o
LOAD crt0.o
LOAD main.o
LOAD C:\CodeSourcery\Sourcery G++ Lite/arm-none-eabi/lib/thumb2\libm.a
LOAD .\liblcd.a
LOAD C:\CodeSourcery\Sourcery G++ Lite/arm-none-eabi/lib/thumb2\libc.a
LOAD C:\CodeSourcery\Sourcery G++ Lite/lib/gcc/arm-none-eabi/4.8.1/thumb2\libgcc.a
LOAD C:\CodeSourcery\Sourcery G++ Lite/arm-none-eabi/lib/thumb2\libstdc++.a

.text           0x08003000     0xc18c
 crt0.o(.text)
 .text          0x08003000      0x140 crt0.o
                0x080030ec                __start
 *(.text)
 .text          0x08003140      0x680 Graphics.o
                0x08003140                Lcd_Eng_Putch
                0x0800333c                Lcd_Puts
                0x08003568                Lcd_Printf
 .text          0x080037c0       0x58 clock.o
                0x080037c0                Clock_Init
 .text          0x08003818       0xa4 core_cm3.o
                0x08003818                __get_PSP
                0x08003820                __set_PSP
                0x08003828                __get_MSP
                0x08003830                __set_MSP
                0x08003838                __get_BASEPRI
                0x08003840                __set_BASEPRI
                0x08003848                __get_PRIMASK
                0x08003850                __set_PRIMASK
                0x08003858                __get_FAULTMASK
                0x08003860                __set_FAULTMASK
                0x08003868                __get_CONTROL
                0x08003870                __set_CONTROL
                0x08003878                __REV
                0x0800387c                __REV16
                0x08003880                __REVSH
                0x08003884                __RBIT
                0x0800388c                __LDREXB
                0x08003894                __LDREXH
                0x0800389c                __LDREXW
                0x080038a4                __STREXB
                0x080038ac                __STREXH
                0x080038b4                __STREXW
 .text          0x080038bc      0x3b4 exception.o
                0x080039e8                Invalid_ISR
                0x08003a1c                HardFault_Handler
                0x08003a98                MemManage_Handler
                0x08003ae4                BusFault_Handler
                0x08003b30                UsageFault_Handler
                0x08003b54                NMI_Handler
                0x08003b5c                PendSV_Handler
                0x08003b64                SysTick_Handler
                0x08003b6c                SVC_Handler
                0x08003b74                TIM4_IRQHandler
                0x08003b98                USART1_IRQHandler
                0x08003bb0                EXTI3_IRQHandler
                0x08003be4                EXTI9_5_IRQHandler
                0x08003c28                EXTI15_10_IRQHandler
 .text          0x08003c70      0x288 jog_key.o
                0x08003c70                Jog_Poll_Init
                0x08003cec                Jog_Get_Pressed_Calm
                0x08003d54                Jog_Get_Pressed
                0x08003d88                Jog_Wait_Key_Pressed
                0x08003dc4                Jog_Wait_Key_Released
                0x08003e00                Jog_ISR_Enable
 .text          0x08003ef8       0x74 led.o
                0x08003ef8                LED_Init
                0x08003f28                LED_Display
                0x08003f44                LED_All_On
                0x08003f58                LED_All_Off
 .text          0x08003f6c       0x44 runtime.o
                0x08003f6c                _sbrk
 .text          0x08003fb0       0x80 systick.o
                0x08003fb0                SysTick_Run
                0x08003ff8                SysTick_Check_Timeout
                0x08004008                SysTick_Get_Time
                0x08004014                SysTick_Get_Load_Time
                0x08004020                SysTick_Stop
 .text          0x08004030      0x1ac timer.o
                0x08004030                TIM2_Delay
                0x08004124                TIM4_Repeat_Interrupt_Enable
 *fill*         0x080041dc        0x4 
 .text          0x080041e0      0x368 uart.o
                0x080041e0                Uart1_Init
                0x08004298                Uart1_Send_Byte
                0x080042d4                Uart1_Send_String
                0x08004318                Uart1_Printf
                0x08004378                Uart1_Get_Pressed
                0x08004390                Uart1_Get_Char
                0x080043a8                Uart1_Get_String
                0x08004444                Uart1_Get_Int_Num
                0x08004500                Uart1_RX_Interrupt_Enable
 .text          0x08004548       0x48 asm_fuction.o
                0x08004548                _HardFault_Handler
                0x0800455a                _MemManage_Handler
                0x0800456c                _BusFault_Handler
                0x0800457e                _UsageFault_Handler
 .text          0x08004590      0xb30 main.o
                0x08004590                abort
                0x08004594                __cxa_pure_virtual
                0x08004598                __cxa_deleted_virtual
                0x0800459c                __gnu_cxx::_verbose_terminate_handler()
                0x080045ac                drawFrog
                0x08004638                startPage
                0x08004698                startBlackPage
                0x080046c0                drawExplosion
                0x080046f0                Main
 .text          0x080050c0     0x2f0c .\liblcd.a(lcd.o)
                0x080050c0                Lcd_GPIO_Init
                0x08005104                Lcd_Write_Reg
                0x080051a8                Lcd_Write_Data_16Bit
                0x08005224                Lcd_Reset
                0x08005288                Lcd_WR_REG
                0x080052dc                Lcd_WR_DATA
                0x08005330                Lcd_Set_Display_Mode
                0x08005668                Lcd_Write_RAM_Prepare
                0x080056c8                Lcd_Set_Windows
                0x08005a2c                Lcd_Fill
                0x08005ae4                Lcd_Set_Cursor
                0x08005e28                Lcd_Draw_Back_Color
                0x08005ebc                Lcd_Clr_Screen
                0x08005ec4                Lcd_Draw_Box
                0x08005f7c                Lcd_Init
                0x08007c0c                Lcd_Put_Pixel
 .text          0x08007fcc       0x10 C:\CodeSourcery\Sourcery G++ Lite/arm-none-eabi/lib/thumb2\libc.a(lib_a-atoi.o)
                0x08007fcc                atoi
                0x08007fd4                _atoi_r
 .text          0x08007fdc        0x0 C:\CodeSourcery\Sourcery G++ Lite/arm-none-eabi/lib/thumb2\libc.a(lib_a-ctype_.o)
 .text          0x08007fdc       0x60 C:\CodeSourcery\Sourcery G++ Lite/arm-none-eabi/lib/thumb2\libc.a(lib_a-strlen.o)
                0x08007fdc                strlen
 .text          0x0800803c      0x158 C:\CodeSourcery\Sourcery G++ Lite/arm-none-eabi/lib/thumb2\libc.a(lib_a-strtol.o)
                0x0800803c                _strtol_r
                0x08008178                strtol
 .text          0x08008194       0x50 C:\CodeSourcery\Sourcery G++ Lite/arm-none-eabi/lib/thumb2\libc.a(lib_a-vsprintf.o)
                0x08008194                _vsprintf_r
                0x080081c8                vsprintf
 .text          0x080081e4        0x0 C:\CodeSourcery\Sourcery G++ Lite/arm-none-eabi/lib/thumb2\libc.a(lib_a-impure.o)
 .text          0x080081e4     0x14b4 C:\CodeSourcery\Sourcery G++ Lite/arm-none-eabi/lib/thumb2\libc.a(lib_a-svfprintf.o)
                0x080081e4                _svfprintf_r
 .text          0x08009698     0x10d8 C:\CodeSourcery\Sourcery G++ Lite/arm-none-eabi/lib/thumb2\libc.a(lib_a-dtoa.o)
                0x080097e4                _dtoa_r
 .text          0x0800a770       0x9c C:\CodeSourcery\Sourcery G++ Lite/arm-none-eabi/lib/thumb2\libc.a(lib_a-locale.o)
                0x0800a770                _setlocale_r
                0x0800a7c4                __locale_charset
                0x0800a7d0                __locale_mb_cur_max
                0x0800a7dc                __locale_msgcharset
                0x0800a7e4                __locale_cjk_lang
                0x0800a7e8                _localeconv_r
                0x0800a7f0                setlocale
                0x0800a804                localeconv
 .text          0x0800a80c       0x20 C:\CodeSourcery\Sourcery G++ Lite/arm-none-eabi/lib/thumb2\libc.a(lib_a-malloc.o)
                0x0800a80c                malloc
                0x0800a81c                free
 .text          0x0800a82c      0x570 C:\CodeSourcery\Sourcery G++ Lite/arm-none-eabi/lib/thumb2\libc.a(lib_a-mallocr.o)
                0x0800a82c                _malloc_r
 .text          0x0800ad9c       0x90 C:\CodeSourcery\Sourcery G++ Lite/arm-none-eabi/lib/thumb2\libc.a(lib_a-memchr-stub.o)
                0x0800ad9c                memchr
 .text          0x0800ae2c       0xa8 C:\CodeSourcery\Sourcery G++ Lite/arm-none-eabi/lib/thumb2\libc.a(lib_a-memcpy-stub.o)
                0x0800ae2c                memcpy
 .text          0x0800aed4        0x8 C:\CodeSourcery\Sourcery G++ Lite/arm-none-eabi/lib/thumb2\libc.a(lib_a-mlock.o)
                0x0800aed4                __malloc_lock
                0x0800aed8                __malloc_unlock
 .text          0x0800aedc      0x938 C:\CodeSourcery\Sourcery G++ Lite/arm-none-eabi/lib/thumb2\libc.a(lib_a-mprec.o)
                0x0800aedc                _Balloc
                0x0800af48                _Bfree
                0x0800af80                __multadd
                0x0800b00c                __s2b
                0x0800b0a4                __hi0bits
                0x0800b0e0                __lo0bits
                0x0800b138                __i2b
                0x0800b14c                __multiply
                0x0800b28c                __pow5mult
                0x0800b344                __lshift
                0x0800b3fc                __mcmp
                0x0800b440                __mdiff
                0x0800b52c                __ulp
                0x0800b570                __b2d
                0x0800b61c                __d2b
                0x0800b6d8                __ratio
                0x0800b738                _mprec_log10
                0x0800b76c                __copybits
                0x0800b7b4                __any_on
 .text          0x0800b814       0x50 C:\CodeSourcery\Sourcery G++ Lite/arm-none-eabi/lib/thumb2\libc.a(lib_a-s_fpclassify.o)
                0x0800b814                __fpclassifyd
 .text          0x0800b864       0x28 C:\CodeSourcery\Sourcery G++ Lite/arm-none-eabi/lib/thumb2\libc.a(lib_a-sbrkr.o)
                0x0800b864                _sbrk_r
 .text          0x0800b88c      0x23c C:\CodeSourcery\Sourcery G++ Lite/arm-none-eabi/lib/thumb2\libc.a(lib_a-strcmp.o)
                0x0800b88c                strcmp
 .text          0x0800bac8      0xbe0 C:\CodeSourcery\Sourcery G++ Lite/arm-none-eabi/lib/thumb2\libc.a(lib_a-svfiprintf.o)
                0x0800bac8                __ssprint_r
                0x0800bbcc                _svfiprintf_r
 .text          0x0800c6a8       0x64 C:\CodeSourcery\Sourcery G++ Lite/arm-none-eabi/lib/thumb2\libc.a(lib_a-callocr.o)
                0x0800c6a8                _calloc_r
 .text          0x0800c70c      0x23c C:\CodeSourcery\Sourcery G++ Lite/arm-none-eabi/lib/thumb2\libc.a(lib_a-freer.o)
                0x0800c70c                _malloc_trim_r
                0x0800c7b0                _free_r
 .text          0x0800c948       0xd0 C:\CodeSourcery\Sourcery G++ Lite/arm-none-eabi/lib/thumb2\libc.a(lib_a-memmove.o)
                0x0800c948                memmove
 .text          0x0800ca18       0xa0 C:\CodeSourcery\Sourcery G++ Lite/arm-none-eabi/lib/thumb2\libc.a(lib_a-memset.o)
                0x0800ca18                memset
 .text          0x0800cab8      0x3ec C:\CodeSourcery\Sourcery G++ Lite/arm-none-eabi/lib/thumb2\libc.a(lib_a-reallocr.o)
                0x0800cab8                _realloc_r
 .text          0x0800cea4       0xf4 C:\CodeSourcery\Sourcery G++ Lite/arm-none-eabi/lib/thumb2\libc.a(lib_a-reent.o)
                0x0800cea4                cleanup_glue
                0x0800cec0                _reclaim_reent
 .text          0x0800cf98      0x278 C:\CodeSourcery\Sourcery G++ Lite/lib/gcc/arm-none-eabi/4.8.1/thumb2\libgcc.a(_udivsi3.o)
                0x0800cf98                __aeabi_uidiv
                0x0800cf98                __udivsi3
                0x0800d1f4                __aeabi_uidivmod
 .text          0x0800d210        0x4 C:\CodeSourcery\Sourcery G++ Lite/lib/gcc/arm-none-eabi/4.8.1/thumb2\libgcc.a(_dvmd_tls.o)
                0x0800d210                __aeabi_idiv0
                0x0800d210                __aeabi_ldiv0
 .text          0x0800d214      0x370 C:\CodeSourcery\Sourcery G++ Lite/lib/gcc/arm-none-eabi/4.8.1/thumb2\libgcc.a(_arm_addsubdf3.o)
                0x0800d214                __aeabi_drsub
                0x0800d21c                __aeabi_dsub
                0x0800d21c                __subdf3
                0x0800d220                __aeabi_dadd
                0x0800d220                __adddf3
                0x0800d498                __floatunsidf
                0x0800d498                __aeabi_ui2d
                0x0800d4b8                __floatsidf
                0x0800d4b8                __aeabi_i2d
                0x0800d4dc                __aeabi_f2d
                0x0800d4dc                __extendsfdf2
                0x0800d518                __floatundidf
                0x0800d518                __aeabi_ul2d
                0x0800d528                __floatdidf
                0x0800d528                __aeabi_l2d
 .text          0x0800d584      0x424 C:\CodeSourcery\Sourcery G++ Lite/lib/gcc/arm-none-eabi/4.8.1/thumb2\libgcc.a(_arm_muldivdf3.o)
                0x0800d584                __aeabi_dmul
                0x0800d584                __muldf3
                0x0800d7d8                __divdf3
                0x0800d7d8                __aeabi_ddiv
 .text          0x0800d9a8      0x110 C:\CodeSourcery\Sourcery G++ Lite/lib/gcc/arm-none-eabi/4.8.1/thumb2\libgcc.a(_arm_cmpdf2.o)
                0x0800d9a8                __gtdf2
                0x0800d9a8                __gedf2
                0x0800d9b0                __ltdf2
                0x0800d9b0                __ledf2
                0x0800d9b8                __nedf2
                0x0800d9b8                __eqdf2
                0x0800d9b8                __cmpdf2
                0x0800da34                __aeabi_cdrcmple
                0x0800da44                __aeabi_cdcmpeq
                0x0800da44                __aeabi_cdcmple
                0x0800da54                __aeabi_dcmpeq
                0x0800da68                __aeabi_dcmplt
                0x0800da7c                __aeabi_dcmple
                0x0800da90                __aeabi_dcmpge
                0x0800daa4                __aeabi_dcmpgt
 .text          0x0800dab8       0x50 C:\CodeSourcery\Sourcery G++ Lite/lib/gcc/arm-none-eabi/4.8.1/thumb2\libgcc.a(_arm_fixdfsi.o)
                0x0800dab8                __aeabi_d2iz
                0x0800dab8                __fixdfsi
 .text          0x0800db08       0x40 C:\CodeSourcery\Sourcery G++ Lite/lib/gcc/arm-none-eabi/4.8.1/thumb2\libgcc.a(_arm_fixunsdfsi.o)
                0x0800db08                __aeabi_d2uiz
                0x0800db08                __fixunsdfsi
 .text          0x0800db48       0x2c C:\CodeSourcery\Sourcery G++ Lite/lib/gcc/arm-none-eabi/4.8.1/thumb2\libgcc.a(_aeabi_uldivmod.o)
                0x0800db48                __aeabi_uldivmod
 .text          0x0800db74       0x60 C:\CodeSourcery\Sourcery G++ Lite/lib/gcc/arm-none-eabi/4.8.1/thumb2\libgcc.a(bpabi.o)
                0x0800db74                __gnu_ldivmod_helper
                0x0800dba4                __gnu_uldivmod_helper
 .text          0x0800dbd4      0xa38 C:\CodeSourcery\Sourcery G++ Lite/lib/gcc/arm-none-eabi/4.8.1/thumb2\libgcc.a(unwind-arm.o)
                0x0800dec0                _Unwind_GetCFA
                0x0800dec4                __gnu_Unwind_RaiseException
                0x0800df24                __gnu_Unwind_ForcedUnwind
                0x0800df38                __gnu_Unwind_Resume
                0x0800df7c                __gnu_Unwind_Resume_or_Rethrow
                0x0800df94                _Unwind_Complete
                0x0800df98                _Unwind_DeleteException
                0x0800dfa8                _Unwind_VRS_Get
                0x0800e000                _Unwind_VRS_Set
                0x0800e05c                __gnu_Unwind_Backtrace
                0x0800e390                __aeabi_unwind_cpp_pr0
                0x0800e394                __aeabi_unwind_cpp_pr1
                0x0800e398                __aeabi_unwind_cpp_pr2
                0x0800e39c                _Unwind_VRS_Pop
 .text          0x0800e60c      0x1ac C:\CodeSourcery\Sourcery G++ Lite/lib/gcc/arm-none-eabi/4.8.1/thumb2\libgcc.a(libunwind.o)
                0x0800e60c                __restore_core_regs
                0x0800e60c                restore_core_regs
                0x0800e624                __gnu_Unwind_Restore_VFP
                0x0800e62c                __gnu_Unwind_Save_VFP
                0x0800e634                __gnu_Unwind_Restore_VFP_D
                0x0800e63c                __gnu_Unwind_Save_VFP_D
                0x0800e644                __gnu_Unwind_Restore_VFP_D_16_to_31
                0x0800e64c                __gnu_Unwind_Save_VFP_D_16_to_31
                0x0800e654                __gnu_Unwind_Restore_WMMXD
                0x0800e698                __gnu_Unwind_Save_WMMXD
                0x0800e6dc                __gnu_Unwind_Restore_WMMXC
                0x0800e6f0                __gnu_Unwind_Save_WMMXC
                0x0800e704                ___Unwind_RaiseException
                0x0800e704                _Unwind_RaiseException
                0x0800e728                _Unwind_Resume
                0x0800e728                ___Unwind_Resume
                0x0800e74c                _Unwind_Resume_or_Rethrow
                0x0800e74c                ___Unwind_Resume_or_Rethrow
                0x0800e770                _Unwind_ForcedUnwind
                0x0800e770                ___Unwind_ForcedUnwind
                0x0800e794                ___Unwind_Backtrace
                0x0800e794                _Unwind_Backtrace
 .text          0x0800e7b8      0x380 C:\CodeSourcery\Sourcery G++ Lite/lib/gcc/arm-none-eabi/4.8.1/thumb2\libgcc.a(pr-support.o)
                0x0800e80c                __gnu_unwind_execute
                0x0800eadc                __gnu_unwind_frame
                0x0800eb08                _Unwind_GetRegionStart
                0x0800eb14                _Unwind_GetLanguageSpecificData
                0x0800eb28                _Unwind_GetDataRelBase
                0x0800eb30                _Unwind_GetTextRelBase
 .text          0x0800eb38      0x354 C:\CodeSourcery\Sourcery G++ Lite/lib/gcc/arm-none-eabi/4.8.1/thumb2\libgcc.a(_divdi3.o)
                0x0800eb38                __divdi3
 .text          0x0800ee8c      0x300 C:\CodeSourcery\Sourcery G++ Lite/lib/gcc/arm-none-eabi/4.8.1/thumb2\libgcc.a(_udivdi3.o)
                0x0800ee8c                __udivdi3
 .text          0x0800f18c        0x0 C:\CodeSourcery\Sourcery G++ Lite/arm-none-eabi/lib/thumb2\libstdc++.a(si_class_type_info.o)
 .text          0x0800f18c        0x0 C:\CodeSourcery\Sourcery G++ Lite/arm-none-eabi/lib/thumb2\libstdc++.a(tinfo.o)
 .text          0x0800f18c        0x0 C:\CodeSourcery\Sourcery G++ Lite/arm-none-eabi/lib/thumb2\libstdc++.a(del_op.o)
 .text          0x0800f18c        0x0 C:\CodeSourcery\Sourcery G++ Lite/arm-none-eabi/lib/thumb2\libstdc++.a(class_type_info.o)
                0x0800f18c                . = ALIGN (0x4)

.glue_7         0x0800f18c        0x0
 .glue_7        0x00000000        0x0 linker stubs

.glue_7t        0x0800f18c        0x0
 .glue_7t       0x00000000        0x0 linker stubs

.vfp11_veneer   0x0800f18c        0x0
 .vfp11_veneer  0x00000000        0x0 linker stubs

.v4_bx          0x0800f18c        0x0
 .v4_bx         0x00000000        0x0 linker stubs

.iplt           0x0800f18c        0x0
 .iplt          0x00000000        0x0 Graphics.o

.text._ZN4Frog4drawEv
                0x0800f18c       0x8c
 .text._ZN4Frog4drawEv
                0x0800f18c       0x8c main.o
                0x0800f18c                Frog::draw()

.text._ZN3Car4drawEv
                0x0800f218       0xdc
 .text._ZN3Car4drawEv
                0x0800f218       0xdc main.o
                0x0800f218                Car::draw()

.text._ZN10__cxxabiv120__si_class_type_infoD2Ev
                0x0800f2f4       0x14
 .text._ZN10__cxxabiv120__si_class_type_infoD2Ev
                0x0800f2f4       0x14 C:\CodeSourcery\Sourcery G++ Lite/arm-none-eabi/lib/thumb2\libstdc++.a(si_class_type_info.o)
                0x0800f2f4                __cxxabiv1::__si_class_type_info::~__si_class_type_info()
                0x0800f2f4                __cxxabiv1::__si_class_type_info::~__si_class_type_info()

.text._ZN10__cxxabiv120__si_class_type_infoD0Ev
                0x0800f308       0x1c
 .text._ZN10__cxxabiv120__si_class_type_infoD0Ev
                0x0800f308       0x1c C:\CodeSourcery\Sourcery G++ Lite/arm-none-eabi/lib/thumb2\libstdc++.a(si_class_type_info.o)
                0x0800f308                __cxxabiv1::__si_class_type_info::~__si_class_type_info()

.text._ZNK10__cxxabiv120__si_class_type_info20__do_find_public_srcEiPKvPKNS_17__class_type_infoES2_
                0x0800f324       0x38
 .text._ZNK10__cxxabiv120__si_class_type_info20__do_find_public_srcEiPKvPKNS_17__class_type_infoES2_
                0x0800f324       0x38 C:\CodeSourcery\Sourcery G++ Lite/arm-none-eabi/lib/thumb2\libstdc++.a(si_class_type_info.o)
                0x0800f324                __cxxabiv1::__si_class_type_info::__do_find_public_src(int, void const*, __cxxabiv1::__class_type_info const*, void const*) const

.text._ZNK10__cxxabiv120__si_class_type_info12__do_dyncastEiNS_17__class_type_info10__sub_kindEPKS1_PKvS4_S6_RNS1_16__dyncast_resultE
                0x0800f35c       0x98
 .text._ZNK10__cxxabiv120__si_class_type_info12__do_dyncastEiNS_17__class_type_info10__sub_kindEPKS1_PKvS4_S6_RNS1_16__dyncast_resultE
                0x0800f35c       0x98 C:\CodeSourcery\Sourcery G++ Lite/arm-none-eabi/lib/thumb2\libstdc++.a(si_class_type_info.o)
                0x0800f35c                __cxxabiv1::__si_class_type_info::__do_dyncast(int, __cxxabiv1::__class_type_info::__sub_kind, __cxxabiv1::__class_type_info const*, void const*, __cxxabiv1::__class_type_info const*, void const*, __cxxabiv1::__class_type_info::__dyncast_result&) const

.text._ZNK10__cxxabiv120__si_class_type_info11__do_upcastEPKNS_17__class_type_infoEPKvRNS1_15__upcast_resultE
                0x0800f3f4       0x24
 .text._ZNK10__cxxabiv120__si_class_type_info11__do_upcastEPKNS_17__class_type_infoEPKvRNS1_15__upcast_resultE
                0x0800f3f4       0x24 C:\CodeSourcery\Sourcery G++ Lite/arm-none-eabi/lib/thumb2\libstdc++.a(si_class_type_info.o)
                0x0800f3f4                __cxxabiv1::__si_class_type_info::__do_upcast(__cxxabiv1::__class_type_info const*, void const*, __cxxabiv1::__class_type_info::__upcast_result&) const

.text._ZNSt9type_infoD2Ev
                0x0800f418        0xc
 .text._ZNSt9type_infoD2Ev
                0x0800f418        0xc C:\CodeSourcery\Sourcery G++ Lite/arm-none-eabi/lib/thumb2\libstdc++.a(tinfo.o)
                0x0800f418                std::type_info::~type_info()
                0x0800f418                std::type_info::~type_info()

.text._ZNKSt9type_info14__is_pointer_pEv
                0x0800f424        0x4
 .text._ZNKSt9type_info14__is_pointer_pEv
                0x0800f424        0x4 C:\CodeSourcery\Sourcery G++ Lite/arm-none-eabi/lib/thumb2\libstdc++.a(tinfo.o)
                0x0800f424                std::type_info::__is_pointer_p() const

.text._ZNKSt9type_info15__is_function_pEv
                0x0800f428        0x4
 .text._ZNKSt9type_info15__is_function_pEv
                0x0800f428        0x4 C:\CodeSourcery\Sourcery G++ Lite/arm-none-eabi/lib/thumb2\libstdc++.a(tinfo.o)
                0x0800f428                std::type_info::__is_function_p() const

.text._ZNKSt9type_info11__do_upcastEPKN10__cxxabiv117__class_type_infoEPPv
                0x0800f42c        0x4
 .text._ZNKSt9type_info11__do_upcastEPKN10__cxxabiv117__class_type_infoEPPv
                0x0800f42c        0x4 C:\CodeSourcery\Sourcery G++ Lite/arm-none-eabi/lib/thumb2\libstdc++.a(tinfo.o)
                0x0800f42c                std::type_info::__do_upcast(__cxxabiv1::__class_type_info const*, void**) const

.text._ZNSt9type_infoD0Ev
                0x0800f430       0x14
 .text._ZNSt9type_infoD0Ev
                0x0800f430       0x14 C:\CodeSourcery\Sourcery G++ Lite/arm-none-eabi/lib/thumb2\libstdc++.a(tinfo.o)
                0x0800f430                std::type_info::~type_info()

.text._ZNKSt9type_infoeqERKS_
                0x0800f444       0x28
 .text._ZNKSt9type_infoeqERKS_
                0x0800f444       0x28 C:\CodeSourcery\Sourcery G++ Lite/arm-none-eabi/lib/thumb2\libstdc++.a(tinfo.o)
                0x0800f444                std::type_info::operator==(std::type_info const&) const

.text._ZNKSt9type_info10__do_catchEPKS_PPvj
                0x0800f46c        0x4
 .text._ZNKSt9type_info10__do_catchEPKS_PPvj
                0x0800f46c        0x4 C:\CodeSourcery\Sourcery G++ Lite/arm-none-eabi/lib/thumb2\libstdc++.a(tinfo.o)
                0x0800f46c                std::type_info::__do_catch(std::type_info const*, void**, unsigned int) const

.text._ZdlPv    0x0800f470        0x8
 .text._ZdlPv   0x0800f470        0x8 C:\CodeSourcery\Sourcery G++ Lite/arm-none-eabi/lib/thumb2\libstdc++.a(del_op.o)
                0x0800f470                operator delete(void*)

.text._ZNK10__cxxabiv117__class_type_info11__do_upcastEPKS0_PPv
                0x0800f478       0x38
 .text._ZNK10__cxxabiv117__class_type_info11__do_upcastEPKS0_PPv
                0x0800f478       0x38 C:\CodeSourcery\Sourcery G++ Lite/arm-none-eabi/lib/thumb2\libstdc++.a(class_type_info.o)
                0x0800f478                __cxxabiv1::__class_type_info::__do_upcast(__cxxabiv1::__class_type_info const*, void**) const

.text._ZNK10__cxxabiv117__class_type_info20__do_find_public_srcEiPKvPKS0_S2_
                0x0800f4b0        0xc
 .text._ZNK10__cxxabiv117__class_type_info20__do_find_public_srcEiPKvPKS0_S2_
                0x0800f4b0        0xc C:\CodeSourcery\Sourcery G++ Lite/arm-none-eabi/lib/thumb2\libstdc++.a(class_type_info.o)
                0x0800f4b0                __cxxabiv1::__class_type_info::__do_find_public_src(int, void const*, __cxxabiv1::__class_type_info const*, void const*) const

.text._ZN10__cxxabiv117__class_type_infoD2Ev
                0x0800f4bc       0x14
 .text._ZN10__cxxabiv117__class_type_infoD2Ev
                0x0800f4bc       0x14 C:\CodeSourcery\Sourcery G++ Lite/arm-none-eabi/lib/thumb2\libstdc++.a(class_type_info.o)
                0x0800f4bc                __cxxabiv1::__class_type_info::~__class_type_info()
                0x0800f4bc                __cxxabiv1::__class_type_info::~__class_type_info()

.text._ZN10__cxxabiv117__class_type_infoD0Ev
                0x0800f4d0       0x1c
 .text._ZN10__cxxabiv117__class_type_infoD0Ev
                0x0800f4d0       0x1c C:\CodeSourcery\Sourcery G++ Lite/arm-none-eabi/lib/thumb2\libstdc++.a(class_type_info.o)
                0x0800f4d0                __cxxabiv1::__class_type_info::~__class_type_info()

.text._ZNK10__cxxabiv117__class_type_info11__do_upcastEPKS0_PKvRNS0_15__upcast_resultE
                0x0800f4ec       0x18
 .text._ZNK10__cxxabiv117__class_type_info11__do_upcastEPKS0_PKvRNS0_15__upcast_resultE
                0x0800f4ec       0x18 C:\CodeSourcery\Sourcery G++ Lite/arm-none-eabi/lib/thumb2\libstdc++.a(class_type_info.o)
                0x0800f4ec                __cxxabiv1::__class_type_info::__do_upcast(__cxxabiv1::__class_type_info const*, void const*, __cxxabiv1::__class_type_info::__upcast_result&) const

.text._ZNK10__cxxabiv117__class_type_info10__do_catchEPKSt9type_infoPPvj
                0x0800f504       0x24
 .text._ZNK10__cxxabiv117__class_type_info10__do_catchEPKSt9type_infoPPvj
                0x0800f504       0x24 C:\CodeSourcery\Sourcery G++ Lite/arm-none-eabi/lib/thumb2\libstdc++.a(class_type_info.o)
                0x0800f504                __cxxabiv1::__class_type_info::__do_catch(std::type_info const*, void**, unsigned int) const

.text._ZNK10__cxxabiv117__class_type_info12__do_dyncastEiNS0_10__sub_kindEPKS0_PKvS3_S5_RNS0_16__dyncast_resultE
                0x0800f528       0x40
 .text._ZNK10__cxxabiv117__class_type_info12__do_dyncastEiNS0_10__sub_kindEPKS0_PKvS3_S5_RNS0_16__dyncast_resultE
                0x0800f528       0x40 C:\CodeSourcery\Sourcery G++ Lite/arm-none-eabi/lib/thumb2\libstdc++.a(class_type_info.o)
                0x0800f528                __cxxabiv1::__class_type_info::__do_dyncast(int, __cxxabiv1::__class_type_info::__sub_kind, __cxxabiv1::__class_type_info const*, void const*, __cxxabiv1::__class_type_info const*, void const*, __cxxabiv1::__class_type_info::__dyncast_result&) const

.ARM.extab      0x0800f568       0x30
 *(.ARM.extab* .gnu.linkonce.armextab.*)
 .ARM.extab.text._ZN4Frog4drawEv
                0x0800f568        0x0 main.o
 .ARM.extab.text._ZN3Car4drawEv
                0x0800f568        0x0 main.o
 .ARM.extab     0x0800f568        0xc main.o
 .ARM.extab     0x0800f574        0xc C:\CodeSourcery\Sourcery G++ Lite/lib/gcc/arm-none-eabi/4.8.1/thumb2\libgcc.a(unwind-arm.o)
 .ARM.extab     0x0800f580       0x18 C:\CodeSourcery\Sourcery G++ Lite/lib/gcc/arm-none-eabi/4.8.1/thumb2\libgcc.a(pr-support.o)
 .ARM.extab     0x0800f598        0x0 C:\CodeSourcery\Sourcery G++ Lite/lib/gcc/arm-none-eabi/4.8.1/thumb2\libgcc.a(_divdi3.o)
 .ARM.extab     0x0800f598        0x0 C:\CodeSourcery\Sourcery G++ Lite/lib/gcc/arm-none-eabi/4.8.1/thumb2\libgcc.a(_udivdi3.o)
 .ARM.extab.text._ZN10__cxxabiv120__si_class_type_infoD2Ev
                0x0800f598        0x0 C:\CodeSourcery\Sourcery G++ Lite/arm-none-eabi/lib/thumb2\libstdc++.a(si_class_type_info.o)
 .ARM.extab.text._ZN10__cxxabiv120__si_class_type_infoD0Ev
                0x0800f598        0x0 C:\CodeSourcery\Sourcery G++ Lite/arm-none-eabi/lib/thumb2\libstdc++.a(si_class_type_info.o)
 .ARM.extab.text._ZNK10__cxxabiv120__si_class_type_info20__do_find_public_srcEiPKvPKNS_17__class_type_infoES2_
                0x0800f598        0x0 C:\CodeSourcery\Sourcery G++ Lite/arm-none-eabi/lib/thumb2\libstdc++.a(si_class_type_info.o)
 .ARM.extab.text._ZNK10__cxxabiv120__si_class_type_info12__do_dyncastEiNS_17__class_type_info10__sub_kindEPKS1_PKvS4_S6_RNS1_16__dyncast_resultE
                0x0800f598        0x0 C:\CodeSourcery\Sourcery G++ Lite/arm-none-eabi/lib/thumb2\libstdc++.a(si_class_type_info.o)
 .ARM.extab.text._ZNK10__cxxabiv120__si_class_type_info11__do_upcastEPKNS_17__class_type_infoEPKvRNS1_15__upcast_resultE
                0x0800f598        0x0 C:\CodeSourcery\Sourcery G++ Lite/arm-none-eabi/lib/thumb2\libstdc++.a(si_class_type_info.o)
 .ARM.extab.text._ZNSt9type_infoD2Ev
                0x0800f598        0x0 C:\CodeSourcery\Sourcery G++ Lite/arm-none-eabi/lib/thumb2\libstdc++.a(tinfo.o)
 .ARM.extab.text._ZNKSt9type_info14__is_pointer_pEv
                0x0800f598        0x0 C:\CodeSourcery\Sourcery G++ Lite/arm-none-eabi/lib/thumb2\libstdc++.a(tinfo.o)
 .ARM.extab.text._ZNKSt9type_info15__is_function_pEv
                0x0800f598        0x0 C:\CodeSourcery\Sourcery G++ Lite/arm-none-eabi/lib/thumb2\libstdc++.a(tinfo.o)
 .ARM.extab.text._ZNKSt9type_info11__do_upcastEPKN10__cxxabiv117__class_type_infoEPPv
                0x0800f598        0x0 C:\CodeSourcery\Sourcery G++ Lite/arm-none-eabi/lib/thumb2\libstdc++.a(tinfo.o)
 .ARM.extab.text._ZNSt9type_infoD0Ev
                0x0800f598        0x0 C:\CodeSourcery\Sourcery G++ Lite/arm-none-eabi/lib/thumb2\libstdc++.a(tinfo.o)
 .ARM.extab.text._ZNKSt9type_infoeqERKS_
                0x0800f598        0x0 C:\CodeSourcery\Sourcery G++ Lite/arm-none-eabi/lib/thumb2\libstdc++.a(tinfo.o)
 .ARM.extab.text._ZNKSt9type_info10__do_catchEPKS_PPvj
                0x0800f598        0x0 C:\CodeSourcery\Sourcery G++ Lite/arm-none-eabi/lib/thumb2\libstdc++.a(tinfo.o)
 .ARM.extab.text._ZdlPv
                0x0800f598        0x0 C:\CodeSourcery\Sourcery G++ Lite/arm-none-eabi/lib/thumb2\libstdc++.a(del_op.o)
 .ARM.extab.text._ZNK10__cxxabiv117__class_type_info11__do_upcastEPKS0_PPv
                0x0800f598        0x0 C:\CodeSourcery\Sourcery G++ Lite/arm-none-eabi/lib/thumb2\libstdc++.a(class_type_info.o)
 .ARM.extab.text._ZNK10__cxxabiv117__class_type_info20__do_find_public_srcEiPKvPKS0_S2_
                0x0800f598        0x0 C:\CodeSourcery\Sourcery G++ Lite/arm-none-eabi/lib/thumb2\libstdc++.a(class_type_info.o)
 .ARM.extab.text._ZN10__cxxabiv117__class_type_infoD2Ev
                0x0800f598        0x0 C:\CodeSourcery\Sourcery G++ Lite/arm-none-eabi/lib/thumb2\libstdc++.a(class_type_info.o)
 .ARM.extab.text._ZN10__cxxabiv117__class_type_infoD0Ev
                0x0800f598        0x0 C:\CodeSourcery\Sourcery G++ Lite/arm-none-eabi/lib/thumb2\libstdc++.a(class_type_info.o)
 .ARM.extab.text._ZNK10__cxxabiv117__class_type_info11__do_upcastEPKS0_PKvRNS0_15__upcast_resultE
                0x0800f598        0x0 C:\CodeSourcery\Sourcery G++ Lite/arm-none-eabi/lib/thumb2\libstdc++.a(class_type_info.o)
 .ARM.extab.text._ZNK10__cxxabiv117__class_type_info10__do_catchEPKSt9type_infoPPvj
                0x0800f598        0x0 C:\CodeSourcery\Sourcery G++ Lite/arm-none-eabi/lib/thumb2\libstdc++.a(class_type_info.o)
 .ARM.extab.text._ZNK10__cxxabiv117__class_type_info12__do_dyncastEiNS0_10__sub_kindEPKS0_PKvS3_S5_RNS0_16__dyncast_resultE
                0x0800f598        0x0 C:\CodeSourcery\Sourcery G++ Lite/arm-none-eabi/lib/thumb2\libstdc++.a(class_type_info.o)
                0x0800f598                . = ALIGN (0x4)
                0x0800f598                __exidx_start = .

.ARM.exidx      0x0800f598      0x168
 *(.ARM.exidx* .gnu.linkonce.armexidx.*)
 .ARM.exidx.text._ZN4Frog4drawEv
                0x0800f698        0x8 main.o
 .ARM.exidx.text._ZN3Car4drawEv
                0x0800f6a0        0x0 main.o
                                  0x8 (size before relaxing)
 .ARM.exidx     0x0800f598       0x40 main.o
                                 0x48 (size before relaxing)
 .ARM.exidx     0x0800f5d8       0x88 C:\CodeSourcery\Sourcery G++ Lite/lib/gcc/arm-none-eabi/4.8.1/thumb2\libgcc.a(unwind-arm.o)
                                 0xd8 (size before relaxing)
 .ARM.exidx     0x0800f660       0x38 C:\CodeSourcery\Sourcery G++ Lite/lib/gcc/arm-none-eabi/4.8.1/thumb2\libgcc.a(pr-support.o)
                                 0x48 (size before relaxing)
 .ARM.exidx     0x0800f698        0x0 C:\CodeSourcery\Sourcery G++ Lite/lib/gcc/arm-none-eabi/4.8.1/thumb2\libgcc.a(_divdi3.o)
                                  0x8 (size before relaxing)
 .ARM.exidx     0x0800f698        0x0 C:\CodeSourcery\Sourcery G++ Lite/lib/gcc/arm-none-eabi/4.8.1/thumb2\libgcc.a(_udivdi3.o)
                                  0x8 (size before relaxing)
 .ARM.exidx.text._ZN10__cxxabiv120__si_class_type_infoD2Ev
                0x0800f6a0        0x8 C:\CodeSourcery\Sourcery G++ Lite/arm-none-eabi/lib/thumb2\libstdc++.a(si_class_type_info.o)
 .ARM.exidx.text._ZN10__cxxabiv120__si_class_type_infoD0Ev
                0x0800f6a8        0x0 C:\CodeSourcery\Sourcery G++ Lite/arm-none-eabi/lib/thumb2\libstdc++.a(si_class_type_info.o)
                                  0x8 (size before relaxing)
 .ARM.exidx.text._ZNK10__cxxabiv120__si_class_type_info20__do_find_public_srcEiPKvPKNS_17__class_type_infoES2_
                0x0800f6a8        0x8 C:\CodeSourcery\Sourcery G++ Lite/arm-none-eabi/lib/thumb2\libstdc++.a(si_class_type_info.o)
 .ARM.exidx.text._ZNK10__cxxabiv120__si_class_type_info12__do_dyncastEiNS_17__class_type_info10__sub_kindEPKS1_PKvS4_S6_RNS1_16__dyncast_resultE
                0x0800f6b0        0x8 C:\CodeSourcery\Sourcery G++ Lite/arm-none-eabi/lib/thumb2\libstdc++.a(si_class_type_info.o)
 .ARM.exidx.text._ZNK10__cxxabiv120__si_class_type_info11__do_upcastEPKNS_17__class_type_infoEPKvRNS1_15__upcast_resultE
                0x0800f6b8        0x8 C:\CodeSourcery\Sourcery G++ Lite/arm-none-eabi/lib/thumb2\libstdc++.a(si_class_type_info.o)
 .ARM.exidx.text._ZNSt9type_infoD2Ev
                0x0800f6c0        0x8 C:\CodeSourcery\Sourcery G++ Lite/arm-none-eabi/lib/thumb2\libstdc++.a(tinfo.o)
 .ARM.exidx.text._ZNKSt9type_info14__is_pointer_pEv
                0x0800f6c8        0x0 C:\CodeSourcery\Sourcery G++ Lite/arm-none-eabi/lib/thumb2\libstdc++.a(tinfo.o)
                                  0x8 (size before relaxing)
 .ARM.exidx.text._ZNKSt9type_info15__is_function_pEv
                0x0800f6c8        0x0 C:\CodeSourcery\Sourcery G++ Lite/arm-none-eabi/lib/thumb2\libstdc++.a(tinfo.o)
                                  0x8 (size before relaxing)
 .ARM.exidx.text._ZNKSt9type_info11__do_upcastEPKN10__cxxabiv117__class_type_infoEPPv
                0x0800f6c8        0x0 C:\CodeSourcery\Sourcery G++ Lite/arm-none-eabi/lib/thumb2\libstdc++.a(tinfo.o)
                                  0x8 (size before relaxing)
 .ARM.exidx.text._ZNSt9type_infoD0Ev
                0x0800f6c8        0x0 C:\CodeSourcery\Sourcery G++ Lite/arm-none-eabi/lib/thumb2\libstdc++.a(tinfo.o)
                                  0x8 (size before relaxing)
 .ARM.exidx.text._ZNKSt9type_infoeqERKS_
                0x0800f6c8        0x0 C:\CodeSourcery\Sourcery G++ Lite/arm-none-eabi/lib/thumb2\libstdc++.a(tinfo.o)
                                  0x8 (size before relaxing)
 .ARM.exidx.text._ZNKSt9type_info10__do_catchEPKS_PPvj
                0x0800f6c8        0x0 C:\CodeSourcery\Sourcery G++ Lite/arm-none-eabi/lib/thumb2\libstdc++.a(tinfo.o)
                                  0x8 (size before relaxing)
 .ARM.exidx.text._ZdlPv
                0x0800f6c8        0x0 C:\CodeSourcery\Sourcery G++ Lite/arm-none-eabi/lib/thumb2\libstdc++.a(del_op.o)
                                  0x8 (size before relaxing)
 .ARM.exidx.text._ZNK10__cxxabiv117__class_type_info11__do_upcastEPKS0_PPv
                0x0800f6c8        0x8 C:\CodeSourcery\Sourcery G++ Lite/arm-none-eabi/lib/thumb2\libstdc++.a(class_type_info.o)
 .ARM.exidx.text._ZNK10__cxxabiv117__class_type_info20__do_find_public_srcEiPKvPKS0_S2_
                0x0800f6d0        0x8 C:\CodeSourcery\Sourcery G++ Lite/arm-none-eabi/lib/thumb2\libstdc++.a(class_type_info.o)
 .ARM.exidx.text._ZN10__cxxabiv117__class_type_infoD2Ev
                0x0800f6d8        0x8 C:\CodeSourcery\Sourcery G++ Lite/arm-none-eabi/lib/thumb2\libstdc++.a(class_type_info.o)
 .ARM.exidx.text._ZN10__cxxabiv117__class_type_infoD0Ev
                0x0800f6e0        0x0 C:\CodeSourcery\Sourcery G++ Lite/arm-none-eabi/lib/thumb2\libstdc++.a(class_type_info.o)
                                  0x8 (size before relaxing)
 .ARM.exidx.text._ZNK10__cxxabiv117__class_type_info11__do_upcastEPKS0_PKvRNS0_15__upcast_resultE
                0x0800f6e0        0x8 C:\CodeSourcery\Sourcery G++ Lite/arm-none-eabi/lib/thumb2\libstdc++.a(class_type_info.o)
 .ARM.exidx.text._ZNK10__cxxabiv117__class_type_info10__do_catchEPKSt9type_infoPPvj
                0x0800f6e8        0x8 C:\CodeSourcery\Sourcery G++ Lite/arm-none-eabi/lib/thumb2\libstdc++.a(class_type_info.o)
 .ARM.exidx.text._ZNK10__cxxabiv117__class_type_info12__do_dyncastEiNS0_10__sub_kindEPKS0_PKvS3_S5_RNS0_16__dyncast_resultE
                0x0800f6f0       0x10 C:\CodeSourcery\Sourcery G++ Lite/arm-none-eabi/lib/thumb2\libstdc++.a(class_type_info.o)
                                  0x8 (size before relaxing)
                0x0800f700                . = ALIGN (0x4)
                0x0800f700                __exidx_end = .

.rodata         0x0800f700     0x1760
                0x0800f700                __RO_BASE__ = .
 *(.rodata)
 .rodata        0x0800f700     0x1008 Graphics.o
                0x0800f708                eng8x16
 .rodata        0x08010708       0x50 exception.o
 .rodata        0x08010758        0xc main.o
 .rodata        0x08010764      0x104 C:\CodeSourcery\Sourcery G++ Lite/arm-none-eabi/lib/thumb2\libc.a(lib_a-ctype_.o)
                0x08010764                _ctype_
 .rodata        0x08010868        0x4 C:\CodeSourcery\Sourcery G++ Lite/arm-none-eabi/lib/thumb2\libc.a(lib_a-impure.o)
                0x08010868                _global_impure_ptr
 .rodata        0x0801086c       0x20 C:\CodeSourcery\Sourcery G++ Lite/arm-none-eabi/lib/thumb2\libc.a(lib_a-svfprintf.o)
 *fill*         0x0801088c        0x4 
 .rodata        0x08010890      0x128 C:\CodeSourcery\Sourcery G++ Lite/arm-none-eabi/lib/thumb2\libc.a(lib_a-mprec.o)
                0x080108a0                __mprec_tens
                0x08010968                __mprec_tinytens
                0x08010990                __mprec_bigtens
 .rodata        0x080109b8       0x20 C:\CodeSourcery\Sourcery G++ Lite/arm-none-eabi/lib/thumb2\libc.a(lib_a-svfiprintf.o)
 *(.rodata.*)
 .rodata.str1.4
                0x080109d8      0x1d1 exception.o
                                0x1d4 (size before relaxing)
 *fill*         0x08010ba9        0x3 
 .rodata.str1.4
                0x08010bac        0x4 uart.o
 .rodata._ZTI6Object
                0x08010bb0        0x8 main.o
                0x08010bb0                typeinfo for Object
 .rodata._ZTS6Object
                0x08010bb8        0x8 main.o
                0x08010bb8                typeinfo name for Object
 .rodata._ZTI3Car
                0x08010bc0        0xc main.o
                0x08010bc0                typeinfo for Car
 .rodata._ZTS3Car
                0x08010bcc        0x8 main.o
                0x08010bcc                typeinfo name for Car
 *fill*         0x08010bd4        0x4 
 .rodata._ZTV3Car
                0x08010bd8       0x10 main.o
                0x08010bd8                vtable for Car
 .rodata.str1.4
                0x08010be8      0x112 main.o
                                0x114 (size before relaxing)
 *fill*         0x08010cfa        0x2 
 .rodata.str1.4
                0x08010cfc        0x2 C:\CodeSourcery\Sourcery G++ Lite/arm-none-eabi/lib/thumb2\libc.a(lib_a-impure.o)
                                  0x4 (size before relaxing)
 *fill*         0x08010cfe        0x2 
 .rodata.str1.4
                0x08010d00       0x42 C:\CodeSourcery\Sourcery G++ Lite/arm-none-eabi/lib/thumb2\libc.a(lib_a-svfprintf.o)
                                 0x44 (size before relaxing)
 *fill*         0x08010d42        0x2 
 .rodata.str1.4
                0x08010d44       0x10 C:\CodeSourcery\Sourcery G++ Lite/arm-none-eabi/lib/thumb2\libc.a(lib_a-dtoa.o)
                                 0x14 (size before relaxing)
 .rodata.str1.4
                0x08010d54        0xc C:\CodeSourcery\Sourcery G++ Lite/arm-none-eabi/lib/thumb2\libc.a(lib_a-locale.o)
                                 0x14 (size before relaxing)
 .rodata.str1.4
                0x00000000       0x30 C:\CodeSourcery\Sourcery G++ Lite/arm-none-eabi/lib/thumb2\libc.a(lib_a-svfiprintf.o)
 .rodata._ZTVN10__cxxabiv120__si_class_type_infoE
                0x08010d60       0x30 C:\CodeSourcery\Sourcery G++ Lite/arm-none-eabi/lib/thumb2\libstdc++.a(si_class_type_info.o)
                0x08010d60                vtable for __cxxabiv1::__si_class_type_info
 .rodata._ZTIN10__cxxabiv120__si_class_type_infoE
                0x08010d90        0xc C:\CodeSourcery\Sourcery G++ Lite/arm-none-eabi/lib/thumb2\libstdc++.a(si_class_type_info.o)
                0x08010d90                typeinfo for __cxxabiv1::__si_class_type_info
 .rodata._ZTSN10__cxxabiv120__si_class_type_infoE
                0x08010d9c       0x28 C:\CodeSourcery\Sourcery G++ Lite/arm-none-eabi/lib/thumb2\libstdc++.a(si_class_type_info.o)
                0x08010d9c                typeinfo name for __cxxabiv1::__si_class_type_info
 .rodata._ZTISt9type_info
                0x08010dc4        0x8 C:\CodeSourcery\Sourcery G++ Lite/arm-none-eabi/lib/thumb2\libstdc++.a(tinfo.o)
                0x08010dc4                typeinfo for std::type_info
 .rodata._ZTSSt9type_info
                0x08010dcc       0x10 C:\CodeSourcery\Sourcery G++ Lite/arm-none-eabi/lib/thumb2\libstdc++.a(tinfo.o)
                0x08010dcc                typeinfo name for std::type_info
 *fill*         0x08010ddc        0x4 
 .rodata._ZTVSt9type_info
                0x08010de0       0x20 C:\CodeSourcery\Sourcery G++ Lite/arm-none-eabi/lib/thumb2\libstdc++.a(tinfo.o)
                0x08010de0                vtable for std::type_info
 .rodata._ZTVN10__cxxabiv117__class_type_infoE
                0x08010e00       0x30 C:\CodeSourcery\Sourcery G++ Lite/arm-none-eabi/lib/thumb2\libstdc++.a(class_type_info.o)
                0x08010e00                vtable for __cxxabiv1::__class_type_info
 .rodata._ZTIN10__cxxabiv117__class_type_infoE
                0x08010e30        0xc C:\CodeSourcery\Sourcery G++ Lite/arm-none-eabi/lib/thumb2\libstdc++.a(class_type_info.o)
                0x08010e30                typeinfo for __cxxabiv1::__class_type_info
 .rodata._ZTSN10__cxxabiv117__class_type_infoE
                0x08010e3c       0x24 C:\CodeSourcery\Sourcery G++ Lite/arm-none-eabi/lib/thumb2\libstdc++.a(class_type_info.o)
                0x08010e3c                typeinfo name for __cxxabiv1::__class_type_info
                0x08010e60                . = ALIGN (0x8)
                0x08010e60                __RO_LIMIT__ = .

.rel.dyn        0x08010e60        0x0
 .rel.iplt      0x00000000        0x0 Graphics.o

.data           0x20000000      0x588 load address 0x08010e60
                0x20000000                __RW_BASE__ = .
 *(.data)
 .data          0x20000000        0x0 Graphics.o
 .data          0x20000000        0x0 clock.o
 .data          0x20000000        0x0 core_cm3.o
 .data          0x20000000        0x0 exception.o
 .data          0x20000000        0x0 jog_key.o
 .data          0x20000000        0x0 led.o
 .data          0x20000000        0x0 runtime.o
 .data          0x20000000        0x0 systick.o
 .data          0x20000000        0x0 timer.o
 .data          0x20000000        0x0 uart.o
 .data          0x20000000        0x0 asm_fuction.o
 .data          0x20000000        0x0 crt0.o
 .data          0x20000000        0x0 main.o
 .data          0x20000000        0x2 .\liblcd.a(lcd.o)
                0x20000000                BACK_COLOR
 .data          0x20000002        0x0 C:\CodeSourcery\Sourcery G++ Lite/arm-none-eabi/lib/thumb2\libc.a(lib_a-atoi.o)
 *fill*         0x20000002        0x2 
 .data          0x20000004        0x4 C:\CodeSourcery\Sourcery G++ Lite/arm-none-eabi/lib/thumb2\libc.a(lib_a-ctype_.o)
                0x20000004                __ctype_ptr__
 .data          0x20000008        0x0 C:\CodeSourcery\Sourcery G++ Lite/arm-none-eabi/lib/thumb2\libc.a(lib_a-strlen.o)
 .data          0x20000008        0x0 C:\CodeSourcery\Sourcery G++ Lite/arm-none-eabi/lib/thumb2\libc.a(lib_a-strtol.o)
 .data          0x20000008        0x0 C:\CodeSourcery\Sourcery G++ Lite/arm-none-eabi/lib/thumb2\libc.a(lib_a-vsprintf.o)
 .data          0x20000008       0xf4 C:\CodeSourcery\Sourcery G++ Lite/arm-none-eabi/lib/thumb2\libc.a(lib_a-impure.o)
                0x20000008                _impure_ptr
 .data          0x200000fc        0x0 C:\CodeSourcery\Sourcery G++ Lite/arm-none-eabi/lib/thumb2\libc.a(lib_a-svfprintf.o)
 .data          0x200000fc        0x0 C:\CodeSourcery\Sourcery G++ Lite/arm-none-eabi/lib/thumb2\libc.a(lib_a-dtoa.o)
 .data          0x200000fc       0x7c C:\CodeSourcery\Sourcery G++ Lite/arm-none-eabi/lib/thumb2\libc.a(lib_a-locale.o)
                0x2000011c                __mb_cur_max
 .data          0x20000178        0x0 C:\CodeSourcery\Sourcery G++ Lite/arm-none-eabi/lib/thumb2\libc.a(lib_a-malloc.o)
 .data          0x20000178      0x410 C:\CodeSourcery\Sourcery G++ Lite/arm-none-eabi/lib/thumb2\libc.a(lib_a-mallocr.o)
                0x20000178                __malloc_av_
                0x20000580                __malloc_sbrk_base
                0x20000584                __malloc_trim_threshold
 .data          0x20000588        0x0 C:\CodeSourcery\Sourcery G++ Lite/arm-none-eabi/lib/thumb2\libc.a(lib_a-memchr-stub.o)
 .data          0x20000588        0x0 C:\CodeSourcery\Sourcery G++ Lite/arm-none-eabi/lib/thumb2\libc.a(lib_a-memcpy-stub.o)
 .data          0x20000588        0x0 C:\CodeSourcery\Sourcery G++ Lite/arm-none-eabi/lib/thumb2\libc.a(lib_a-mlock.o)
 .data          0x20000588        0x0 C:\CodeSourcery\Sourcery G++ Lite/arm-none-eabi/lib/thumb2\libc.a(lib_a-mprec.o)
 .data          0x20000588        0x0 C:\CodeSourcery\Sourcery G++ Lite/arm-none-eabi/lib/thumb2\libc.a(lib_a-s_fpclassify.o)
 .data          0x20000588        0x0 C:\CodeSourcery\Sourcery G++ Lite/arm-none-eabi/lib/thumb2\libc.a(lib_a-sbrkr.o)
 .data          0x20000588        0x0 C:\CodeSourcery\Sourcery G++ Lite/arm-none-eabi/lib/thumb2\libc.a(lib_a-strcmp.o)
 .data          0x20000588        0x0 C:\CodeSourcery\Sourcery G++ Lite/arm-none-eabi/lib/thumb2\libc.a(lib_a-svfiprintf.o)
 .data          0x20000588        0x0 C:\CodeSourcery\Sourcery G++ Lite/arm-none-eabi/lib/thumb2\libc.a(lib_a-callocr.o)
 .data          0x20000588        0x0 C:\CodeSourcery\Sourcery G++ Lite/arm-none-eabi/lib/thumb2\libc.a(lib_a-freer.o)
 .data          0x20000588        0x0 C:\CodeSourcery\Sourcery G++ Lite/arm-none-eabi/lib/thumb2\libc.a(lib_a-memmove.o)
 .data          0x20000588        0x0 C:\CodeSourcery\Sourcery G++ Lite/arm-none-eabi/lib/thumb2\libc.a(lib_a-memset.o)
 .data          0x20000588        0x0 C:\CodeSourcery\Sourcery G++ Lite/arm-none-eabi/lib/thumb2\libc.a(lib_a-reallocr.o)
 .data          0x20000588        0x0 C:\CodeSourcery\Sourcery G++ Lite/arm-none-eabi/lib/thumb2\libc.a(lib_a-reent.o)
 .data          0x20000588        0x0 C:\CodeSourcery\Sourcery G++ Lite/lib/gcc/arm-none-eabi/4.8.1/thumb2\libgcc.a(_udivsi3.o)
 .data          0x20000588        0x0 C:\CodeSourcery\Sourcery G++ Lite/lib/gcc/arm-none-eabi/4.8.1/thumb2\libgcc.a(_dvmd_tls.o)
 .data          0x20000588        0x0 C:\CodeSourcery\Sourcery G++ Lite/lib/gcc/arm-none-eabi/4.8.1/thumb2\libgcc.a(_arm_addsubdf3.o)
 .data          0x20000588        0x0 C:\CodeSourcery\Sourcery G++ Lite/lib/gcc/arm-none-eabi/4.8.1/thumb2\libgcc.a(_arm_muldivdf3.o)
 .data          0x20000588        0x0 C:\CodeSourcery\Sourcery G++ Lite/lib/gcc/arm-none-eabi/4.8.1/thumb2\libgcc.a(_arm_cmpdf2.o)
 .data          0x20000588        0x0 C:\CodeSourcery\Sourcery G++ Lite/lib/gcc/arm-none-eabi/4.8.1/thumb2\libgcc.a(_arm_fixdfsi.o)
 .data          0x20000588        0x0 C:\CodeSourcery\Sourcery G++ Lite/lib/gcc/arm-none-eabi/4.8.1/thumb2\libgcc.a(_arm_fixunsdfsi.o)
 .data          0x20000588        0x0 C:\CodeSourcery\Sourcery G++ Lite/lib/gcc/arm-none-eabi/4.8.1/thumb2\libgcc.a(_aeabi_uldivmod.o)
 .data          0x20000588        0x0 C:\CodeSourcery\Sourcery G++ Lite/lib/gcc/arm-none-eabi/4.8.1/thumb2\libgcc.a(bpabi.o)
 .data          0x20000588        0x0 C:\CodeSourcery\Sourcery G++ Lite/lib/gcc/arm-none-eabi/4.8.1/thumb2\libgcc.a(unwind-arm.o)
 .data          0x20000588        0x0 C:\CodeSourcery\Sourcery G++ Lite/lib/gcc/arm-none-eabi/4.8.1/thumb2\libgcc.a(libunwind.o)
 .data          0x20000588        0x0 C:\CodeSourcery\Sourcery G++ Lite/lib/gcc/arm-none-eabi/4.8.1/thumb2\libgcc.a(pr-support.o)
 .data          0x20000588        0x0 C:\CodeSourcery\Sourcery G++ Lite/lib/gcc/arm-none-eabi/4.8.1/thumb2\libgcc.a(_divdi3.o)
 .data          0x20000588        0x0 C:\CodeSourcery\Sourcery G++ Lite/lib/gcc/arm-none-eabi/4.8.1/thumb2\libgcc.a(_udivdi3.o)
 .data          0x20000588        0x0 C:\CodeSourcery\Sourcery G++ Lite/arm-none-eabi/lib/thumb2\libstdc++.a(si_class_type_info.o)
 .data          0x20000588        0x0 C:\CodeSourcery\Sourcery G++ Lite/arm-none-eabi/lib/thumb2\libstdc++.a(tinfo.o)
 .data          0x20000588        0x0 C:\CodeSourcery\Sourcery G++ Lite/arm-none-eabi/lib/thumb2\libstdc++.a(del_op.o)
 .data          0x20000588        0x0 C:\CodeSourcery\Sourcery G++ Lite/arm-none-eabi/lib/thumb2\libstdc++.a(class_type_info.o)
 *(.data.*)
                0x20000588                . = ALIGN (0x4)
                0x20000588                __RW_LIMIT__ = .
                0x00000588                __RW_SIZE__ = SIZEOF (.data)
                0x08010e60                __RW_LOAD_ADDR__ = LOADADDR (.data)

.igot.plt       0x20000588        0x0 load address 0x080113e8
 .igot.plt      0x00000000        0x0 Graphics.o

.bss            0x20000588       0x70 load address 0x080113e8
                0x20000588                __ZI_BASE__ = .
 *(.bss)
 .bss           0x20000588        0x0 Graphics.o
 .bss           0x20000588        0x0 clock.o
 .bss           0x20000588        0x0 core_cm3.o
 .bss           0x20000588       0x14 exception.o
                0x20000588                TIM4_expired
                0x2000058c                USART1_rx_ready
                0x20000590                USART1_rx_data
                0x20000594                Jog_key_in
                0x20000598                Jog_key
 .bss           0x2000059c        0x0 jog_key.o
 .bss           0x2000059c        0x0 led.o
 .bss           0x2000059c        0x4 runtime.o
 .bss           0x200005a0        0x0 systick.o
 .bss           0x200005a0        0x0 timer.o
 .bss           0x200005a0        0x0 uart.o
 .bss           0x200005a0        0x0 asm_fuction.o
 .bss           0x200005a0        0x0 crt0.o
 .bss           0x200005a0        0x4 main.o
                0x200005a0                cheatcode
 .bss           0x200005a4       0x10 .\liblcd.a(lcd.o)
                0x200005a4                lcddev
                0x200005b0                POINT_COLOR
 .bss           0x200005b4        0x0 C:\CodeSourcery\Sourcery G++ Lite/arm-none-eabi/lib/thumb2\libc.a(lib_a-atoi.o)
 .bss           0x200005b4        0x0 C:\CodeSourcery\Sourcery G++ Lite/arm-none-eabi/lib/thumb2\libc.a(lib_a-ctype_.o)
 .bss           0x200005b4        0x0 C:\CodeSourcery\Sourcery G++ Lite/arm-none-eabi/lib/thumb2\libc.a(lib_a-strlen.o)
 .bss           0x200005b4        0x0 C:\CodeSourcery\Sourcery G++ Lite/arm-none-eabi/lib/thumb2\libc.a(lib_a-strtol.o)
 .bss           0x200005b4        0x0 C:\CodeSourcery\Sourcery G++ Lite/arm-none-eabi/lib/thumb2\libc.a(lib_a-vsprintf.o)
 .bss           0x200005b4        0x0 C:\CodeSourcery\Sourcery G++ Lite/arm-none-eabi/lib/thumb2\libc.a(lib_a-impure.o)
 .bss           0x200005b4        0x0 C:\CodeSourcery\Sourcery G++ Lite/arm-none-eabi/lib/thumb2\libc.a(lib_a-svfprintf.o)
 .bss           0x200005b4        0x0 C:\CodeSourcery\Sourcery G++ Lite/arm-none-eabi/lib/thumb2\libc.a(lib_a-dtoa.o)
 .bss           0x200005b4        0xc C:\CodeSourcery\Sourcery G++ Lite/arm-none-eabi/lib/thumb2\libc.a(lib_a-locale.o)
                0x200005b4                _PathLocale
                0x200005b8                __mlocale_changed
                0x200005bc                __nlocale_changed
 .bss           0x200005c0        0x0 C:\CodeSourcery\Sourcery G++ Lite/arm-none-eabi/lib/thumb2\libc.a(lib_a-malloc.o)
 .bss           0x200005c0       0x34 C:\CodeSourcery\Sourcery G++ Lite/arm-none-eabi/lib/thumb2\libc.a(lib_a-mallocr.o)
                0x200005c0                __malloc_top_pad
                0x200005c4                __malloc_current_mallinfo
                0x200005ec                __malloc_max_sbrked_mem
                0x200005f0                __malloc_max_total_mem
 .bss           0x200005f4        0x0 C:\CodeSourcery\Sourcery G++ Lite/arm-none-eabi/lib/thumb2\libc.a(lib_a-memchr-stub.o)
 .bss           0x200005f4        0x0 C:\CodeSourcery\Sourcery G++ Lite/arm-none-eabi/lib/thumb2\libc.a(lib_a-memcpy-stub.o)
 .bss           0x200005f4        0x0 C:\CodeSourcery\Sourcery G++ Lite/arm-none-eabi/lib/thumb2\libc.a(lib_a-mlock.o)
 .bss           0x200005f4        0x0 C:\CodeSourcery\Sourcery G++ Lite/arm-none-eabi/lib/thumb2\libc.a(lib_a-mprec.o)
 .bss           0x200005f4        0x0 C:\CodeSourcery\Sourcery G++ Lite/arm-none-eabi/lib/thumb2\libc.a(lib_a-s_fpclassify.o)
 .bss           0x200005f4        0x0 C:\CodeSourcery\Sourcery G++ Lite/arm-none-eabi/lib/thumb2\libc.a(lib_a-sbrkr.o)
 .bss           0x200005f4        0x0 C:\CodeSourcery\Sourcery G++ Lite/arm-none-eabi/lib/thumb2\libc.a(lib_a-strcmp.o)
 .bss           0x200005f4        0x0 C:\CodeSourcery\Sourcery G++ Lite/arm-none-eabi/lib/thumb2\libc.a(lib_a-svfiprintf.o)
 .bss           0x200005f4        0x0 C:\CodeSourcery\Sourcery G++ Lite/arm-none-eabi/lib/thumb2\libc.a(lib_a-callocr.o)
 .bss           0x200005f4        0x0 C:\CodeSourcery\Sourcery G++ Lite/arm-none-eabi/lib/thumb2\libc.a(lib_a-freer.o)
 .bss           0x200005f4        0x0 C:\CodeSourcery\Sourcery G++ Lite/arm-none-eabi/lib/thumb2\libc.a(lib_a-memmove.o)
 .bss           0x200005f4        0x0 C:\CodeSourcery\Sourcery G++ Lite/arm-none-eabi/lib/thumb2\libc.a(lib_a-memset.o)
 .bss           0x200005f4        0x0 C:\CodeSourcery\Sourcery G++ Lite/arm-none-eabi/lib/thumb2\libc.a(lib_a-reallocr.o)
 .bss           0x200005f4        0x0 C:\CodeSourcery\Sourcery G++ Lite/arm-none-eabi/lib/thumb2\libc.a(lib_a-reent.o)
 .bss           0x200005f4        0x0 C:\CodeSourcery\Sourcery G++ Lite/lib/gcc/arm-none-eabi/4.8.1/thumb2\libgcc.a(_udivsi3.o)
 .bss           0x200005f4        0x0 C:\CodeSourcery\Sourcery G++ Lite/lib/gcc/arm-none-eabi/4.8.1/thumb2\libgcc.a(_dvmd_tls.o)
 .bss           0x200005f4        0x0 C:\CodeSourcery\Sourcery G++ Lite/lib/gcc/arm-none-eabi/4.8.1/thumb2\libgcc.a(_arm_addsubdf3.o)
 .bss           0x200005f4        0x0 C:\CodeSourcery\Sourcery G++ Lite/lib/gcc/arm-none-eabi/4.8.1/thumb2\libgcc.a(_arm_muldivdf3.o)
 .bss           0x200005f4        0x0 C:\CodeSourcery\Sourcery G++ Lite/lib/gcc/arm-none-eabi/4.8.1/thumb2\libgcc.a(_arm_cmpdf2.o)
 .bss           0x200005f4        0x0 C:\CodeSourcery\Sourcery G++ Lite/lib/gcc/arm-none-eabi/4.8.1/thumb2\libgcc.a(_arm_fixdfsi.o)
 .bss           0x200005f4        0x0 C:\CodeSourcery\Sourcery G++ Lite/lib/gcc/arm-none-eabi/4.8.1/thumb2\libgcc.a(_arm_fixunsdfsi.o)
 .bss           0x200005f4        0x0 C:\CodeSourcery\Sourcery G++ Lite/lib/gcc/arm-none-eabi/4.8.1/thumb2\libgcc.a(_aeabi_uldivmod.o)
 .bss           0x200005f4        0x0 C:\CodeSourcery\Sourcery G++ Lite/lib/gcc/arm-none-eabi/4.8.1/thumb2\libgcc.a(bpabi.o)
 .bss           0x200005f4        0x0 C:\CodeSourcery\Sourcery G++ Lite/lib/gcc/arm-none-eabi/4.8.1/thumb2\libgcc.a(unwind-arm.o)
 .bss           0x200005f4        0x0 C:\CodeSourcery\Sourcery G++ Lite/lib/gcc/arm-none-eabi/4.8.1/thumb2\libgcc.a(libunwind.o)
 .bss           0x200005f4        0x0 C:\CodeSourcery\Sourcery G++ Lite/lib/gcc/arm-none-eabi/4.8.1/thumb2\libgcc.a(pr-support.o)
 .bss           0x200005f4        0x0 C:\CodeSourcery\Sourcery G++ Lite/lib/gcc/arm-none-eabi/4.8.1/thumb2\libgcc.a(_divdi3.o)
 .bss           0x200005f4        0x0 C:\CodeSourcery\Sourcery G++ Lite/lib/gcc/arm-none-eabi/4.8.1/thumb2\libgcc.a(_udivdi3.o)
 .bss           0x200005f4        0x0 C:\CodeSourcery\Sourcery G++ Lite/arm-none-eabi/lib/thumb2\libstdc++.a(si_class_type_info.o)
 .bss           0x200005f4        0x0 C:\CodeSourcery\Sourcery G++ Lite/arm-none-eabi/lib/thumb2\libstdc++.a(tinfo.o)
 .bss           0x200005f4        0x0 C:\CodeSourcery\Sourcery G++ Lite/arm-none-eabi/lib/thumb2\libstdc++.a(del_op.o)
 .bss           0x200005f4        0x0 C:\CodeSourcery\Sourcery G++ Lite/arm-none-eabi/lib/thumb2\libstdc++.a(class_type_info.o)
 *(.bss.*)
                0x200005f4                . = ALIGN (0x4)
                0x200005f4                __ZI_LIMIT__ = .
 COMMON         0x200005f4        0x4 C:\CodeSourcery\Sourcery G++ Lite/arm-none-eabi/lib/thumb2\libc.a(lib_a-reent.o)
                0x200005f4                errno
                0x00000070                __ZI_SIZE__ = SIZEOF (.bss)
OUTPUT(rom_0x08003000.elf elf32-littlearm)

.debug_info     0x00000000     0x86b8
 .debug_info    0x00000000      0xa20 Graphics.o
 .debug_info    0x00000a20      0x1cb clock.o
 .debug_info    0x00000beb      0x509 core_cm3.o
 .debug_info    0x000010f4      0xe66 exception.o
 .debug_info    0x00001f5a      0x79e jog_key.o
 .debug_info    0x000026f8      0x1fb led.o
 .debug_info    0x000028f3       0xff runtime.o
 .debug_info    0x000029f2      0x15f systick.o
 .debug_info    0x00002b51      0x6e8 timer.o
 .debug_info    0x00003239      0x9af uart.o
 .debug_info    0x00003be8       0x6d asm_fuction.o
 .debug_info    0x00003c55       0x66 crt0.o
 .debug_info    0x00003cbb     0x22db main.o
 .debug_info    0x00005f96     0x2722 .\liblcd.a(lcd.o)

.debug_abbrev   0x00000000     0x17bc
 .debug_abbrev  0x00000000      0x217 Graphics.o
 .debug_abbrev  0x00000217       0x9f clock.o
 .debug_abbrev  0x000002b6       0xbd core_cm3.o
 .debug_abbrev  0x00000373      0x26c exception.o
 .debug_abbrev  0x000005df      0x229 jog_key.o
 .debug_abbrev  0x00000808       0xc8 led.o
 .debug_abbrev  0x000008d0       0xa5 runtime.o
 .debug_abbrev  0x00000975       0xe9 systick.o
 .debug_abbrev  0x00000a5e      0x19a timer.o
 .debug_abbrev  0x00000bf8      0x361 uart.o
 .debug_abbrev  0x00000f59       0x14 asm_fuction.o
 .debug_abbrev  0x00000f6d       0x14 crt0.o
 .debug_abbrev  0x00000f81      0x504 main.o
 .debug_abbrev  0x00001485      0x337 .\liblcd.a(lcd.o)

.debug_loc      0x00000000     0x301b
 .debug_loc     0x00000000      0x788 Graphics.o
 .debug_loc     0x00000788      0x33a core_cm3.o
 .debug_loc     0x00000ac2      0x43f exception.o
 .debug_loc     0x00000f01      0x3f8 jog_key.o
 .debug_loc     0x000012f9       0x2f led.o
 .debug_loc     0x00001328       0x75 runtime.o
 .debug_loc     0x0000139d       0x21 systick.o
 .debug_loc     0x000013be       0xaf timer.o
 .debug_loc     0x0000146d      0x358 uart.o
 .debug_loc     0x000017c5      0xe2d main.o
 .debug_loc     0x000025f2      0xa29 .\liblcd.a(lcd.o)

.debug_aranges  0x00000000      0x1d0
 .debug_aranges
                0x00000000       0x20 Graphics.o
 .debug_aranges
                0x00000020       0x20 clock.o
 .debug_aranges
                0x00000040       0x20 core_cm3.o
 .debug_aranges
                0x00000060       0x20 exception.o
 .debug_aranges
                0x00000080       0x20 jog_key.o
 .debug_aranges
                0x000000a0       0x20 led.o
 .debug_aranges
                0x000000c0       0x20 runtime.o
 .debug_aranges
                0x000000e0       0x20 systick.o
 .debug_aranges
                0x00000100       0x20 timer.o
 .debug_aranges
                0x00000120       0x20 uart.o
 .debug_aranges
                0x00000140       0x20 asm_fuction.o
 .debug_aranges
                0x00000160       0x20 crt0.o
 .debug_aranges
                0x00000180       0x30 main.o
 .debug_aranges
                0x000001b0       0x20 .\liblcd.a(lcd.o)

.debug_ranges   0x00000000     0x2c30
 .debug_ranges  0x00000000       0x48 Graphics.o
 .debug_ranges  0x00000048       0x10 core_cm3.o
 .debug_ranges  0x00000058       0x60 exception.o
 .debug_ranges  0x000000b8       0xa0 jog_key.o
 .debug_ranges  0x00000158       0x40 timer.o
 .debug_ranges  0x00000198      0x100 uart.o
 .debug_ranges  0x00000298      0x858 main.o
 .debug_ranges  0x00000af0     0x2140 .\liblcd.a(lcd.o)

.debug_line     0x00000000     0x22af
 .debug_line    0x00000000      0x219 Graphics.o
 .debug_line    0x00000219       0xa7 clock.o
 .debug_line    0x000002c0       0xe6 core_cm3.o
 .debug_line    0x000003a6      0x1a2 exception.o
 .debug_line    0x00000548      0x1fc jog_key.o
 .debug_line    0x00000744       0x9f led.o
 .debug_line    0x000007e3       0x56 runtime.o
 .debug_line    0x00000839       0x98 systick.o
 .debug_line    0x000008d1      0x13e timer.o
 .debug_line    0x00000a0f      0x27e uart.o
 .debug_line    0x00000c8d       0x50 asm_fuction.o
 .debug_line    0x00000cdd       0x5a crt0.o
 .debug_line    0x00000d37      0x3dc main.o
 .debug_line    0x00001113     0x119c .\liblcd.a(lcd.o)

.debug_str      0x00000000     0x121d
 .debug_str     0x00000000      0x1c4 Graphics.o
                                0x210 (size before relaxing)
 .debug_str     0x000001c4       0x7a clock.o
                                0x1ef (size before relaxing)
 .debug_str     0x0000023e      0x155 core_cm3.o
                                0x2be (size before relaxing)
 .debug_str     0x00000393      0x620 exception.o
                                0x7b3 (size before relaxing)
 .debug_str     0x000009b3       0xc4 jog_key.o
                                0x5f5 (size before relaxing)
 .debug_str     0x00000a77       0x32 led.o
                                0x1fc (size before relaxing)
 .debug_str     0x00000aa9       0x34 runtime.o
                                0x19f (size before relaxing)
 .debug_str     0x00000add       0x82 systick.o
                                0x1f6 (size before relaxing)
 .debug_str     0x00000b5f       0x45 timer.o
                                0x649 (size before relaxing)
 .debug_str     0x00000ba4       0xe7 uart.o
                                0x6a2 (size before relaxing)
 .debug_str     0x00000c8b      0x3e1 main.o
                                0x61c (size before relaxing)
 .debug_str     0x0000106c      0x1b1 .\liblcd.a(lcd.o)
                                0x3f3 (size before relaxing)

.comment        0x00000000       0x30
 .comment       0x00000000       0x30 Graphics.o
                                 0x31 (size before relaxing)
 .comment       0x00000000       0x31 clock.o
 .comment       0x00000000       0x31 core_cm3.o
 .comment       0x00000000       0x31 exception.o
 .comment       0x00000000       0x31 jog_key.o
 .comment       0x00000000       0x31 led.o
 .comment       0x00000000       0x31 runtime.o
 .comment       0x00000000       0x31 systick.o
 .comment       0x00000000       0x31 timer.o
 .comment       0x00000000       0x31 uart.o
 .comment       0x00000000       0x31 main.o
 .comment       0x00000000       0x31 .\liblcd.a(lcd.o)

.ARM.attributes
                0x00000000       0x31
 .ARM.attributes
                0x00000000       0x33 Graphics.o
 .ARM.attributes
                0x00000033       0x33 clock.o
 .ARM.attributes
                0x00000066       0x33 core_cm3.o
 .ARM.attributes
                0x00000099       0x33 exception.o
 .ARM.attributes
                0x000000cc       0x33 jog_key.o
 .ARM.attributes
                0x000000ff       0x33 led.o
 .ARM.attributes
                0x00000132       0x33 runtime.o
 .ARM.attributes
                0x00000165       0x33 systick.o
 .ARM.attributes
                0x00000198       0x33 timer.o
 .ARM.attributes
                0x000001cb       0x33 uart.o
 .ARM.attributes
                0x000001fe       0x21 asm_fuction.o
 .ARM.attributes
                0x0000021f       0x21 crt0.o
 .ARM.attributes
                0x00000240       0x33 main.o
 .ARM.attributes
                0x00000273       0x33 .\liblcd.a(lcd.o)
 .ARM.attributes
                0x000002a6       0x29 C:\CodeSourcery\Sourcery G++ Lite/arm-none-eabi/lib/thumb2\libc.a(lib_a-atoi.o)
 .ARM.attributes
                0x000002cf       0x29 C:\CodeSourcery\Sourcery G++ Lite/arm-none-eabi/lib/thumb2\libc.a(lib_a-ctype_.o)
 .ARM.attributes
                0x000002f8       0x29 C:\CodeSourcery\Sourcery G++ Lite/arm-none-eabi/lib/thumb2\libc.a(lib_a-strlen.o)
 .ARM.attributes
                0x00000321       0x29 C:\CodeSourcery\Sourcery G++ Lite/arm-none-eabi/lib/thumb2\libc.a(lib_a-strtol.o)
 .ARM.attributes
                0x0000034a       0x29 C:\CodeSourcery\Sourcery G++ Lite/arm-none-eabi/lib/thumb2\libc.a(lib_a-vsprintf.o)
 .ARM.attributes
                0x00000373       0x29 C:\CodeSourcery\Sourcery G++ Lite/arm-none-eabi/lib/thumb2\libc.a(lib_a-impure.o)
 .ARM.attributes
                0x0000039c       0x29 C:\CodeSourcery\Sourcery G++ Lite/arm-none-eabi/lib/thumb2\libc.a(lib_a-svfprintf.o)
 .ARM.attributes
                0x000003c5       0x29 C:\CodeSourcery\Sourcery G++ Lite/arm-none-eabi/lib/thumb2\libc.a(lib_a-dtoa.o)
 .ARM.attributes
                0x000003ee       0x29 C:\CodeSourcery\Sourcery G++ Lite/arm-none-eabi/lib/thumb2\libc.a(lib_a-locale.o)
 .ARM.attributes
                0x00000417       0x29 C:\CodeSourcery\Sourcery G++ Lite/arm-none-eabi/lib/thumb2\libc.a(lib_a-malloc.o)
 .ARM.attributes
                0x00000440       0x29 C:\CodeSourcery\Sourcery G++ Lite/arm-none-eabi/lib/thumb2\libc.a(lib_a-mallocr.o)
 .ARM.attributes
                0x00000469       0x29 C:\CodeSourcery\Sourcery G++ Lite/arm-none-eabi/lib/thumb2\libc.a(lib_a-memchr-stub.o)
 .ARM.attributes
                0x00000492       0x29 C:\CodeSourcery\Sourcery G++ Lite/arm-none-eabi/lib/thumb2\libc.a(lib_a-memcpy-stub.o)
 .ARM.attributes
                0x000004bb       0x29 C:\CodeSourcery\Sourcery G++ Lite/arm-none-eabi/lib/thumb2\libc.a(lib_a-mlock.o)
 .ARM.attributes
                0x000004e4       0x29 C:\CodeSourcery\Sourcery G++ Lite/arm-none-eabi/lib/thumb2\libc.a(lib_a-mprec.o)
 .ARM.attributes
                0x0000050d       0x29 C:\CodeSourcery\Sourcery G++ Lite/arm-none-eabi/lib/thumb2\libc.a(lib_a-s_fpclassify.o)
 .ARM.attributes
                0x00000536       0x29 C:\CodeSourcery\Sourcery G++ Lite/arm-none-eabi/lib/thumb2\libc.a(lib_a-sbrkr.o)
 .ARM.attributes
                0x0000055f       0x17 C:\CodeSourcery\Sourcery G++ Lite/arm-none-eabi/lib/thumb2\libc.a(lib_a-strcmp.o)
 .ARM.attributes
                0x00000576       0x29 C:\CodeSourcery\Sourcery G++ Lite/arm-none-eabi/lib/thumb2\libc.a(lib_a-svfiprintf.o)
 .ARM.attributes
                0x0000059f       0x29 C:\CodeSourcery\Sourcery G++ Lite/arm-none-eabi/lib/thumb2\libc.a(lib_a-callocr.o)
 .ARM.attributes
                0x000005c8       0x29 C:\CodeSourcery\Sourcery G++ Lite/arm-none-eabi/lib/thumb2\libc.a(lib_a-freer.o)
 .ARM.attributes
                0x000005f1       0x29 C:\CodeSourcery\Sourcery G++ Lite/arm-none-eabi/lib/thumb2\libc.a(lib_a-memmove.o)
 .ARM.attributes
                0x0000061a       0x29 C:\CodeSourcery\Sourcery G++ Lite/arm-none-eabi/lib/thumb2\libc.a(lib_a-memset.o)
 .ARM.attributes
                0x00000643       0x29 C:\CodeSourcery\Sourcery G++ Lite/arm-none-eabi/lib/thumb2\libc.a(lib_a-reallocr.o)
 .ARM.attributes
                0x0000066c       0x29 C:\CodeSourcery\Sourcery G++ Lite/arm-none-eabi/lib/thumb2\libc.a(lib_a-reent.o)
 .ARM.attributes
                0x00000695       0x19 C:\CodeSourcery\Sourcery G++ Lite/lib/gcc/arm-none-eabi/4.8.1/thumb2\libgcc.a(_udivsi3.o)
 .ARM.attributes
                0x000006ae       0x19 C:\CodeSourcery\Sourcery G++ Lite/lib/gcc/arm-none-eabi/4.8.1/thumb2\libgcc.a(_dvmd_tls.o)
 .ARM.attributes
                0x000006c7       0x19 C:\CodeSourcery\Sourcery G++ Lite/lib/gcc/arm-none-eabi/4.8.1/thumb2\libgcc.a(_arm_addsubdf3.o)
 .ARM.attributes
                0x000006e0       0x19 C:\CodeSourcery\Sourcery G++ Lite/lib/gcc/arm-none-eabi/4.8.1/thumb2\libgcc.a(_arm_muldivdf3.o)
 .ARM.attributes
                0x000006f9       0x19 C:\CodeSourcery\Sourcery G++ Lite/lib/gcc/arm-none-eabi/4.8.1/thumb2\libgcc.a(_arm_cmpdf2.o)
 .ARM.attributes
                0x00000712       0x19 C:\CodeSourcery\Sourcery G++ Lite/lib/gcc/arm-none-eabi/4.8.1/thumb2\libgcc.a(_arm_fixdfsi.o)
 .ARM.attributes
                0x0000072b       0x19 C:\CodeSourcery\Sourcery G++ Lite/lib/gcc/arm-none-eabi/4.8.1/thumb2\libgcc.a(_arm_fixunsdfsi.o)
 .ARM.attributes
                0x00000744       0x19 C:\CodeSourcery\Sourcery G++ Lite/lib/gcc/arm-none-eabi/4.8.1/thumb2\libgcc.a(_aeabi_uldivmod.o)
 .ARM.attributes
                0x0000075d       0x29 C:\CodeSourcery\Sourcery G++ Lite/lib/gcc/arm-none-eabi/4.8.1/thumb2\libgcc.a(bpabi.o)
 .ARM.attributes
                0x00000786       0x29 C:\CodeSourcery\Sourcery G++ Lite/lib/gcc/arm-none-eabi/4.8.1/thumb2\libgcc.a(unwind-arm.o)
 .ARM.attributes
                0x000007af       0x19 C:\CodeSourcery\Sourcery G++ Lite/lib/gcc/arm-none-eabi/4.8.1/thumb2\libgcc.a(libunwind.o)
 .ARM.attributes
                0x000007c8       0x29 C:\CodeSourcery\Sourcery G++ Lite/lib/gcc/arm-none-eabi/4.8.1/thumb2\libgcc.a(pr-support.o)
 .ARM.attributes
                0x000007f1       0x29 C:\CodeSourcery\Sourcery G++ Lite/lib/gcc/arm-none-eabi/4.8.1/thumb2\libgcc.a(_divdi3.o)
 .ARM.attributes
                0x0000081a       0x29 C:\CodeSourcery\Sourcery G++ Lite/lib/gcc/arm-none-eabi/4.8.1/thumb2\libgcc.a(_udivdi3.o)
 .ARM.attributes
                0x00000843       0x29 C:\CodeSourcery\Sourcery G++ Lite/arm-none-eabi/lib/thumb2\libstdc++.a(si_class_type_info.o)
 .ARM.attributes
                0x0000086c       0x29 C:\CodeSourcery\Sourcery G++ Lite/arm-none-eabi/lib/thumb2\libstdc++.a(tinfo.o)
 .ARM.attributes
                0x00000895       0x29 C:\CodeSourcery\Sourcery G++ Lite/arm-none-eabi/lib/thumb2\libstdc++.a(del_op.o)
 .ARM.attributes
                0x000008be       0x29 C:\CodeSourcery\Sourcery G++ Lite/arm-none-eabi/lib/thumb2\libstdc++.a(class_type_info.o)

.debug_frame    0x00000000     0x1760
 .debug_frame   0x00000000       0x90 Graphics.o
 .debug_frame   0x00000090       0x20 clock.o
 .debug_frame   0x000000b0      0x170 core_cm3.o
 .debug_frame   0x00000220      0x1a4 exception.o
 .debug_frame   0x000003c4       0x98 jog_key.o
 .debug_frame   0x0000045c       0x50 led.o
 .debug_frame   0x000004ac       0x28 runtime.o
 .debug_frame   0x000004d4       0x6c systick.o
 .debug_frame   0x00000540       0x44 timer.o
 .debug_frame   0x00000584       0xec uart.o
 .debug_frame   0x00000670      0x13c main.o
 .debug_frame   0x000007ac      0x198 .\liblcd.a(lcd.o)
 .debug_frame   0x00000944       0x30 C:\CodeSourcery\Sourcery G++ Lite/arm-none-eabi/lib/thumb2\libc.a(lib_a-atoi.o)
 .debug_frame   0x00000974       0x20 C:\CodeSourcery\Sourcery G++ Lite/arm-none-eabi/lib/thumb2\libc.a(lib_a-strlen.o)
 .debug_frame   0x00000994       0x50 C:\CodeSourcery\Sourcery G++ Lite/arm-none-eabi/lib/thumb2\libc.a(lib_a-strtol.o)
 .debug_frame   0x000009e4       0x44 C:\CodeSourcery\Sourcery G++ Lite/arm-none-eabi/lib/thumb2\libc.a(lib_a-vsprintf.o)
 .debug_frame   0x00000a28       0x3c C:\CodeSourcery\Sourcery G++ Lite/arm-none-eabi/lib/thumb2\libc.a(lib_a-svfprintf.o)
 .debug_frame   0x00000a64       0x64 C:\CodeSourcery\Sourcery G++ Lite/arm-none-eabi/lib/thumb2\libc.a(lib_a-dtoa.o)
 .debug_frame   0x00000ac8       0x98 C:\CodeSourcery\Sourcery G++ Lite/arm-none-eabi/lib/thumb2\libc.a(lib_a-locale.o)
 .debug_frame   0x00000b60       0x30 C:\CodeSourcery\Sourcery G++ Lite/arm-none-eabi/lib/thumb2\libc.a(lib_a-malloc.o)
 .debug_frame   0x00000b90       0x38 C:\CodeSourcery\Sourcery G++ Lite/arm-none-eabi/lib/thumb2\libc.a(lib_a-mallocr.o)
 .debug_frame   0x00000bc8       0x2c C:\CodeSourcery\Sourcery G++ Lite/arm-none-eabi/lib/thumb2\libc.a(lib_a-memchr-stub.o)
 .debug_frame   0x00000bf4       0x2c C:\CodeSourcery\Sourcery G++ Lite/arm-none-eabi/lib/thumb2\libc.a(lib_a-memcpy-stub.o)
 .debug_frame   0x00000c20       0x30 C:\CodeSourcery\Sourcery G++ Lite/arm-none-eabi/lib/thumb2\libc.a(lib_a-mlock.o)
 .debug_frame   0x00000c50      0x244 C:\CodeSourcery\Sourcery G++ Lite/arm-none-eabi/lib/thumb2\libc.a(lib_a-mprec.o)
 .debug_frame   0x00000e94       0x20 C:\CodeSourcery\Sourcery G++ Lite/arm-none-eabi/lib/thumb2\libc.a(lib_a-s_fpclassify.o)
 .debug_frame   0x00000eb4       0x2c C:\CodeSourcery\Sourcery G++ Lite/arm-none-eabi/lib/thumb2\libc.a(lib_a-sbrkr.o)
 .debug_frame   0x00000ee0       0x64 C:\CodeSourcery\Sourcery G++ Lite/arm-none-eabi/lib/thumb2\libc.a(lib_a-svfiprintf.o)
 .debug_frame   0x00000f44       0x28 C:\CodeSourcery\Sourcery G++ Lite/arm-none-eabi/lib/thumb2\libc.a(lib_a-callocr.o)
 .debug_frame   0x00000f6c       0x50 C:\CodeSourcery\Sourcery G++ Lite/arm-none-eabi/lib/thumb2\libc.a(lib_a-freer.o)
 .debug_frame   0x00000fbc       0x2c C:\CodeSourcery\Sourcery G++ Lite/arm-none-eabi/lib/thumb2\libc.a(lib_a-memmove.o)
 .debug_frame   0x00000fe8       0x2c C:\CodeSourcery\Sourcery G++ Lite/arm-none-eabi/lib/thumb2\libc.a(lib_a-memset.o)
 .debug_frame   0x00001014       0x38 C:\CodeSourcery\Sourcery G++ Lite/arm-none-eabi/lib/thumb2\libc.a(lib_a-reallocr.o)
 .debug_frame   0x0000104c       0x48 C:\CodeSourcery\Sourcery G++ Lite/arm-none-eabi/lib/thumb2\libc.a(lib_a-reent.o)
 .debug_frame   0x00001094       0x20 C:\CodeSourcery\Sourcery G++ Lite/lib/gcc/arm-none-eabi/4.8.1/thumb2\libgcc.a(_udivsi3.o)
 .debug_frame   0x000010b4       0x28 C:\CodeSourcery\Sourcery G++ Lite/lib/gcc/arm-none-eabi/4.8.1/thumb2\libgcc.a(_aeabi_uldivmod.o)
 .debug_frame   0x000010dc       0x58 C:\CodeSourcery\Sourcery G++ Lite/lib/gcc/arm-none-eabi/4.8.1/thumb2\libgcc.a(bpabi.o)
 .debug_frame   0x00001134      0x2b0 C:\CodeSourcery\Sourcery G++ Lite/lib/gcc/arm-none-eabi/4.8.1/thumb2\libgcc.a(unwind-arm.o)
 .debug_frame   0x000013e4       0xe8 C:\CodeSourcery\Sourcery G++ Lite/lib/gcc/arm-none-eabi/4.8.1/thumb2\libgcc.a(pr-support.o)
 .debug_frame   0x000014cc       0x38 C:\CodeSourcery\Sourcery G++ Lite/lib/gcc/arm-none-eabi/4.8.1/thumb2\libgcc.a(_divdi3.o)
 .debug_frame   0x00001504       0x38 C:\CodeSourcery\Sourcery G++ Lite/lib/gcc/arm-none-eabi/4.8.1/thumb2\libgcc.a(_udivdi3.o)
 .debug_frame   0x0000153c       0xa8 C:\CodeSourcery\Sourcery G++ Lite/arm-none-eabi/lib/thumb2\libstdc++.a(si_class_type_info.o)
 .debug_frame   0x000015e4       0x90 C:\CodeSourcery\Sourcery G++ Lite/arm-none-eabi/lib/thumb2\libstdc++.a(tinfo.o)
 .debug_frame   0x00001674       0x20 C:\CodeSourcery\Sourcery G++ Lite/arm-none-eabi/lib/thumb2\libstdc++.a(del_op.o)
 .debug_frame   0x00001694       0xcc C:\CodeSourcery\Sourcery G++ Lite/arm-none-eabi/lib/thumb2\libstdc++.a(class_type_info.o)

Cross Reference Table

Symbol                                            File
BACK_COLOR                                        .\liblcd.a(lcd.o)
BusFault_Handler                                  exception.o
                                                  asm_fuction.o
Car::draw()                                       main.o
Clock_Init                                        clock.o
                                                  main.o
EXTI15_10_IRQHandler                              exception.o
                                                  crt0.o
EXTI3_IRQHandler                                  exception.o
                                                  crt0.o
EXTI9_5_IRQHandler                                exception.o
                                                  crt0.o
Frog::draw()                                      main.o
HardFault_Handler                                 exception.o
                                                  asm_fuction.o
Invalid_ISR                                       exception.o
                                                  crt0.o
Jog_Get_Pressed                                   jog_key.o
Jog_Get_Pressed_Calm                              jog_key.o
Jog_ISR_Enable                                    jog_key.o
                                                  main.o
Jog_Poll_Init                                     jog_key.o
                                                  main.o
Jog_Wait_Key_Pressed                              jog_key.o
                                                  main.o
Jog_Wait_Key_Released                             jog_key.o
                                                  main.o
Jog_key                                           exception.o
                                                  main.o
Jog_key_in                                        exception.o
                                                  main.o
LED_All_Off                                       led.o
LED_All_On                                        led.o
LED_Display                                       led.o
LED_Init                                          led.o
                                                  main.o
Lcd_Clr_Screen                                    .\liblcd.a(lcd.o)
                                                  main.o
Lcd_Draw_Back_Color                               .\liblcd.a(lcd.o)
Lcd_Draw_Box                                      .\liblcd.a(lcd.o)
                                                  main.o
Lcd_Eng_Putch                                     Graphics.o
Lcd_Fill                                          .\liblcd.a(lcd.o)
Lcd_GPIO_Init                                     .\liblcd.a(lcd.o)
Lcd_Init                                          .\liblcd.a(lcd.o)
                                                  main.o
Lcd_Printf                                        Graphics.o
                                                  main.o
Lcd_Put_Pixel                                     .\liblcd.a(lcd.o)
                                                  Graphics.o
Lcd_Puts                                          Graphics.o
Lcd_Reset                                         .\liblcd.a(lcd.o)
Lcd_Set_Cursor                                    .\liblcd.a(lcd.o)
Lcd_Set_Display_Mode                              .\liblcd.a(lcd.o)
Lcd_Set_Windows                                   .\liblcd.a(lcd.o)
Lcd_WR_DATA                                       .\liblcd.a(lcd.o)
Lcd_WR_REG                                        .\liblcd.a(lcd.o)
Lcd_Write_Data_16Bit                              .\liblcd.a(lcd.o)
Lcd_Write_RAM_Prepare                             .\liblcd.a(lcd.o)
Lcd_Write_Reg                                     .\liblcd.a(lcd.o)
Main                                              main.o
                                                  crt0.o
MemManage_Handler                                 exception.o
                                                  asm_fuction.o
NMI_Handler                                       exception.o
                                                  crt0.o
POINT_COLOR                                       .\liblcd.a(lcd.o)
PendSV_Handler                                    exception.o
                                                  crt0.o
SVC_Handler                                       exception.o
                                                  crt0.o
SysTick_Check_Timeout                             systick.o
SysTick_Get_Load_Time                             systick.o
SysTick_Get_Time                                  systick.o
SysTick_Handler                                   exception.o
                                                  crt0.o
SysTick_Run                                       systick.o
SysTick_Stop                                      systick.o
TIM2_Delay                                        timer.o
                                                  main.o
TIM4_IRQHandler                                   exception.o
                                                  crt0.o
TIM4_Repeat_Interrupt_Enable                      timer.o
                                                  main.o
TIM4_expired                                      exception.o
                                                  main.o
USART1_IRQHandler                                 exception.o
                                                  crt0.o
USART1_rx_data                                    exception.o
USART1_rx_ready                                   exception.o
Uart1_Get_Char                                    uart.o
Uart1_Get_Int_Num                                 uart.o
Uart1_Get_Pressed                                 uart.o
                                                  exception.o
Uart1_Get_String                                  uart.o
Uart1_Init                                        uart.o
                                                  main.o
Uart1_Printf                                      uart.o
                                                  main.o
                                                  exception.o
Uart1_RX_Interrupt_Enable                         uart.o
                                                  main.o
Uart1_Send_Byte                                   uart.o
Uart1_Send_String                                 uart.o
UsageFault_Handler                                exception.o
                                                  asm_fuction.o
_Balloc                                           C:\CodeSourcery\Sourcery G++ Lite/arm-none-eabi/lib/thumb2\libc.a(lib_a-mprec.o)
                                                  C:\CodeSourcery\Sourcery G++ Lite/arm-none-eabi/lib/thumb2\libc.a(lib_a-dtoa.o)
_Bfree                                            C:\CodeSourcery\Sourcery G++ Lite/arm-none-eabi/lib/thumb2\libc.a(lib_a-mprec.o)
                                                  C:\CodeSourcery\Sourcery G++ Lite/arm-none-eabi/lib/thumb2\libc.a(lib_a-dtoa.o)
_BusFault_Handler                                 asm_fuction.o
                                                  crt0.o
_HardFault_Handler                                asm_fuction.o
                                                  crt0.o
_MemManage_Handler                                asm_fuction.o
                                                  crt0.o
_PathLocale                                       C:\CodeSourcery\Sourcery G++ Lite/arm-none-eabi/lib/thumb2\libc.a(lib_a-locale.o)
_Unwind_Backtrace                                 C:\CodeSourcery\Sourcery G++ Lite/lib/gcc/arm-none-eabi/4.8.1/thumb2\libgcc.a(libunwind.o)
_Unwind_Complete                                  C:\CodeSourcery\Sourcery G++ Lite/lib/gcc/arm-none-eabi/4.8.1/thumb2\libgcc.a(unwind-arm.o)
_Unwind_DeleteException                           C:\CodeSourcery\Sourcery G++ Lite/lib/gcc/arm-none-eabi/4.8.1/thumb2\libgcc.a(unwind-arm.o)
_Unwind_ForcedUnwind                              C:\CodeSourcery\Sourcery G++ Lite/lib/gcc/arm-none-eabi/4.8.1/thumb2\libgcc.a(libunwind.o)
_Unwind_GetCFA                                    C:\CodeSourcery\Sourcery G++ Lite/lib/gcc/arm-none-eabi/4.8.1/thumb2\libgcc.a(unwind-arm.o)
_Unwind_GetDataRelBase                            C:\CodeSourcery\Sourcery G++ Lite/lib/gcc/arm-none-eabi/4.8.1/thumb2\libgcc.a(pr-support.o)
_Unwind_GetLanguageSpecificData                   C:\CodeSourcery\Sourcery G++ Lite/lib/gcc/arm-none-eabi/4.8.1/thumb2\libgcc.a(pr-support.o)
_Unwind_GetRegionStart                            C:\CodeSourcery\Sourcery G++ Lite/lib/gcc/arm-none-eabi/4.8.1/thumb2\libgcc.a(pr-support.o)
_Unwind_GetTextRelBase                            C:\CodeSourcery\Sourcery G++ Lite/lib/gcc/arm-none-eabi/4.8.1/thumb2\libgcc.a(pr-support.o)
_Unwind_RaiseException                            C:\CodeSourcery\Sourcery G++ Lite/lib/gcc/arm-none-eabi/4.8.1/thumb2\libgcc.a(libunwind.o)
_Unwind_Resume                                    C:\CodeSourcery\Sourcery G++ Lite/lib/gcc/arm-none-eabi/4.8.1/thumb2\libgcc.a(libunwind.o)
_Unwind_Resume_or_Rethrow                         C:\CodeSourcery\Sourcery G++ Lite/lib/gcc/arm-none-eabi/4.8.1/thumb2\libgcc.a(libunwind.o)
_Unwind_VRS_Get                                   C:\CodeSourcery\Sourcery G++ Lite/lib/gcc/arm-none-eabi/4.8.1/thumb2\libgcc.a(unwind-arm.o)
                                                  C:\CodeSourcery\Sourcery G++ Lite/lib/gcc/arm-none-eabi/4.8.1/thumb2\libgcc.a(pr-support.o)
_Unwind_VRS_Pop                                   C:\CodeSourcery\Sourcery G++ Lite/lib/gcc/arm-none-eabi/4.8.1/thumb2\libgcc.a(unwind-arm.o)
                                                  C:\CodeSourcery\Sourcery G++ Lite/lib/gcc/arm-none-eabi/4.8.1/thumb2\libgcc.a(pr-support.o)
_Unwind_VRS_Set                                   C:\CodeSourcery\Sourcery G++ Lite/lib/gcc/arm-none-eabi/4.8.1/thumb2\libgcc.a(unwind-arm.o)
                                                  C:\CodeSourcery\Sourcery G++ Lite/lib/gcc/arm-none-eabi/4.8.1/thumb2\libgcc.a(pr-support.o)
_UsageFault_Handler                               asm_fuction.o
                                                  crt0.o
__LDREXB                                          core_cm3.o
__LDREXH                                          core_cm3.o
__LDREXW                                          core_cm3.o
__RBIT                                            core_cm3.o
__REV                                             core_cm3.o
__REV16                                           core_cm3.o
__REVSH                                           core_cm3.o
__RO_LIMIT__                                      crt0.o
__RW_BASE__                                       crt0.o
__STREXB                                          core_cm3.o
__STREXH                                          core_cm3.o
__STREXW                                          core_cm3.o
__ZI_BASE__                                       crt0.o
__ZI_LIMIT__                                      crt0.o
                                                  runtime.o
___Unwind_Backtrace                               C:\CodeSourcery\Sourcery G++ Lite/lib/gcc/arm-none-eabi/4.8.1/thumb2\libgcc.a(libunwind.o)
___Unwind_ForcedUnwind                            C:\CodeSourcery\Sourcery G++ Lite/lib/gcc/arm-none-eabi/4.8.1/thumb2\libgcc.a(libunwind.o)
___Unwind_RaiseException                          C:\CodeSourcery\Sourcery G++ Lite/lib/gcc/arm-none-eabi/4.8.1/thumb2\libgcc.a(libunwind.o)
___Unwind_Resume                                  C:\CodeSourcery\Sourcery G++ Lite/lib/gcc/arm-none-eabi/4.8.1/thumb2\libgcc.a(libunwind.o)
___Unwind_Resume_or_Rethrow                       C:\CodeSourcery\Sourcery G++ Lite/lib/gcc/arm-none-eabi/4.8.1/thumb2\libgcc.a(libunwind.o)
__adddf3                                          C:\CodeSourcery\Sourcery G++ Lite/lib/gcc/arm-none-eabi/4.8.1/thumb2\libgcc.a(_arm_addsubdf3.o)
__aeabi_cdcmpeq                                   C:\CodeSourcery\Sourcery G++ Lite/lib/gcc/arm-none-eabi/4.8.1/thumb2\libgcc.a(_arm_cmpdf2.o)
__aeabi_cdcmple                                   C:\CodeSourcery\Sourcery G++ Lite/lib/gcc/arm-none-eabi/4.8.1/thumb2\libgcc.a(_arm_cmpdf2.o)
__aeabi_cdrcmple                                  C:\CodeSourcery\Sourcery G++ Lite/lib/gcc/arm-none-eabi/4.8.1/thumb2\libgcc.a(_arm_cmpdf2.o)
__aeabi_d2iz                                      C:\CodeSourcery\Sourcery G++ Lite/lib/gcc/arm-none-eabi/4.8.1/thumb2\libgcc.a(_arm_fixdfsi.o)
                                                  C:\CodeSourcery\Sourcery G++ Lite/arm-none-eabi/lib/thumb2\libc.a(lib_a-dtoa.o)
                                                  uart.o
__aeabi_d2uiz                                     C:\CodeSourcery\Sourcery G++ Lite/lib/gcc/arm-none-eabi/4.8.1/thumb2\libgcc.a(_arm_fixunsdfsi.o)
                                                  systick.o
__aeabi_dadd                                      C:\CodeSourcery\Sourcery G++ Lite/lib/gcc/arm-none-eabi/4.8.1/thumb2\libgcc.a(_arm_addsubdf3.o)
                                                  C:\CodeSourcery\Sourcery G++ Lite/arm-none-eabi/lib/thumb2\libc.a(lib_a-dtoa.o)
                                                  uart.o
                                                  systick.o
__aeabi_dcmpeq                                    C:\CodeSourcery\Sourcery G++ Lite/lib/gcc/arm-none-eabi/4.8.1/thumb2\libgcc.a(_arm_cmpdf2.o)
                                                  C:\CodeSourcery\Sourcery G++ Lite/arm-none-eabi/lib/thumb2\libc.a(lib_a-dtoa.o)
                                                  C:\CodeSourcery\Sourcery G++ Lite/arm-none-eabi/lib/thumb2\libc.a(lib_a-svfprintf.o)
__aeabi_dcmpge                                    C:\CodeSourcery\Sourcery G++ Lite/lib/gcc/arm-none-eabi/4.8.1/thumb2\libgcc.a(_arm_cmpdf2.o)
                                                  C:\CodeSourcery\Sourcery G++ Lite/arm-none-eabi/lib/thumb2\libc.a(lib_a-dtoa.o)
__aeabi_dcmpgt                                    C:\CodeSourcery\Sourcery G++ Lite/lib/gcc/arm-none-eabi/4.8.1/thumb2\libgcc.a(_arm_cmpdf2.o)
                                                  C:\CodeSourcery\Sourcery G++ Lite/arm-none-eabi/lib/thumb2\libc.a(lib_a-dtoa.o)
__aeabi_dcmple                                    C:\CodeSourcery\Sourcery G++ Lite/lib/gcc/arm-none-eabi/4.8.1/thumb2\libgcc.a(_arm_cmpdf2.o)
__aeabi_dcmplt                                    C:\CodeSourcery\Sourcery G++ Lite/lib/gcc/arm-none-eabi/4.8.1/thumb2\libgcc.a(_arm_cmpdf2.o)
                                                  C:\CodeSourcery\Sourcery G++ Lite/arm-none-eabi/lib/thumb2\libc.a(lib_a-dtoa.o)